<html>
<body>
<pre>
<h1>µVision Build Log</h1>
<h2>Tool Versions:</h2>
IDE-Version: ¦ÌVision V5.28.0.0
Copyright (C) 2019 ARM Ltd and ARM Germany GmbH. All rights reserved.
License Information: 0 dell, 0, LIC=9N0DY-IM2HZ-QIN5M-X4XI7-BCKLB-H4JEL
 
Tool Versions:
Toolchain:       MDK-ARM Professional  Version: 5.28.0.0
Toolchain Path:  D:\biancheng\keil_5\ARM\ARMCC\Bin
C Compiler:      Armcc.exe V5.06 update 6 (build 750)
Assembler:       Armasm.exe V5.06 update 6 (build 750)
Linker/Locator:  ArmLink.exe V5.06 update 6 (build 750)
Library Manager: ArmAr.exe V5.06 update 6 (build 750)
Hex Converter:   FromElf.exe V5.06 update 6 (build 750)
CPU DLL:         SARMCM3.DLL V5.28.0.0
Dialog DLL:      DARMSTM.DLL  V1.68.0.0
Target DLL:      STLink\ST-LINKIII-KEIL_SWO.dll V3.0.6.0
Dialog DLL:       TARMSTM.DLL
 
<h2>Project:</h2>
D:\biancheng\keil_5\template\USER\Template.uvprojx
Project File Date:  05/27/2020

<h2>Output:</h2>
*** Using Compiler 'V5.06 update 6 (build 750)', folder: 'D:\biancheng\keil_5\ARM\ARMCC\Bin'
Rebuild target 'Template'
compiling stm32f10x_it.c...
compiling system_stm32f10x.c...
compiling main.c...
main.c(96): warning:  #223-D: function "uart2_Init" declared implicitly
  	uart2_Init(115200);	//³õÊ¼»¯´®¿Ú2
main.c(175): warning:  #223-D: function "usart2_Send_Data" declared implicitly
  			usart2_Send_Data(USART1_TX_BUF,69);
main.c: 2 warnings, 0 errors
assembling startup_stm32f10x_hd.s...
compiling core_cm3.c...
compiling misc.c...
compiling stm32f10x_bkp.c...
compiling stm32f10x_adc.c...
compiling stm32f10x_crc.c...
compiling stm32f10x_cec.c...
compiling stm32f10x_can.c...
compiling stm32f10x_dbgmcu.c...
compiling stm32f10x_dma.c...
compiling stm32f10x_dac.c...
compiling stm32f10x_exti.c...
compiling stm32f10x_fsmc.c...
compiling stm32f10x_flash.c...
compiling stm32f10x_iwdg.c...
compiling stm32f10x_gpio.c...
compiling stm32f10x_i2c.c...
compiling stm32f10x_rtc.c...
compiling stm32f10x_pwr.c...
compiling stm32f10x_rcc.c...
compiling stm32f10x_spi.c...
compiling stm32f10x_sdio.c...
compiling stm32f10x_tim.c...
compiling stm32f10x_wwdg.c...
compiling stm32f10x_usart.c...
compiling delay.c...
compiling usart.c...
..\SYSTEM\usart\usart.c(48): warning:  #260-D: explicit type is missing ("int" assumed)
  _sys_exit(int x) 
..\SYSTEM\usart\usart.c: 1 warning, 0 errors
compiling key.c...
compiling sys.c...
compiling led.c...
compiling dht11.c...
compiling lcd.c...
compiling rs485.c...
compiling gps.c...
compiling usart3.c...
compiling timer.c...
compiling w25qxx.c...
compiling spi.c...
compiling usmart.c...
compiling sdio_sdcard.c...
compiling usmart_config.c...
compiling usmart_str.c...
compiling text.c...
compiling fontupd.c...
compiling ff.c...
compiling diskio.c...
compiling mycc936.c...
compiling exfuns.c...
compiling fattester.c...
compiling malloc.c...
linking...
Program Size: Code=40574 RO-data=6902 RW-data=404 ZI-data=1049156  
FromELF: creating hex file...
"..\OBJ\Template.axf" - 0 Error(s), 3 Warning(s).

<h2>Software Packages used:</h2>

Package Vendor: Keil
                http://www.keil.com/pack/Keil.STM32F1xx_DFP.2.2.0.pack
                Keil.STM32F1xx_DFP.2.2.0
                STMicroelectronics STM32F1 Series Device Support, Drivers and Examples

<h2>Collection of Component include folders:</h2>
  .\RTE\_Template
  D:\biancheng\keil_5\STM32F1xx_DFP\2.2.0\Device\Include

<h2>Collection of Component Files used:</h2>
Build Time Elapsed:  00:00:16
</pre>
</body>
</html>
