Component: ARM Compiler 5.06 update 6 (build 750) Tool: armlink [4d35ed]

==============================================================================

Section Cross References

    main.o(i.Gps_Msg_Show) refers to _printf_pad.o(.text) for _printf_pre_padding
    main.o(i.Gps_Msg_Show) refers to _printf_percent.o(.ARM.Collect$$_printf_percent$$00000000) for _printf_percent
    main.o(i.Gps_Msg_Show) refers to _printf_f.o(.ARM.Collect$$_printf_percent$$00000003) for _printf_f
    main.o(i.Gps_Msg_Show) refers to _printf_c.o(.ARM.Collect$$_printf_percent$$00000013) for _printf_c
    main.o(i.Gps_Msg_Show) refers to printf1.o(x$fpl$printf1) for _printf_fp_dec
    main.o(i.Gps_Msg_Show) refers to _printf_str.o(.text) for _printf_str
    main.o(i.Gps_Msg_Show) refers to _printf_s.o(.ARM.Collect$$_printf_percent$$00000014) for _printf_s
    main.o(i.Gps_Msg_Show) refers to _printf_d.o(.ARM.Collect$$_printf_percent$$00000009) for _printf_d
    main.o(i.Gps_Msg_Show) refers to _printf_dec.o(.text) for _printf_int_dec
    main.o(i.Gps_Msg_Show) refers to fflt_clz.o(x$fpl$ffltu) for __aeabi_ui2f
    main.o(i.Gps_Msg_Show) refers to fdiv.o(x$fpl$fdiv) for __aeabi_fdiv
    main.o(i.Gps_Msg_Show) refers to f2d.o(x$fpl$f2d) for __aeabi_f2d
    main.o(i.Gps_Msg_Show) refers to __2sprintf.o(.text) for __2sprintf
    main.o(i.Gps_Msg_Show) refers to lcd.o(i.LCD_ShowString) for LCD_ShowString
    main.o(i.Gps_Msg_Show) refers to fflt_clz.o(x$fpl$fflt) for __aeabi_i2f
    main.o(i.Gps_Msg_Show) refers to lcd.o(.data) for POINT_COLOR
    main.o(i.Gps_Msg_Show) refers to main.o(.bss) for gpsx
    main.o(i.Gps_Msg_Show) refers to main.o(.data) for fixmode_tbl
    main.o(i.main) refers to delay.o(i.delay_init) for delay_init
    main.o(i.main) refers to misc.o(i.NVIC_PriorityGroupConfig) for NVIC_PriorityGroupConfig
    main.o(i.main) refers to usart.o(i.uart_init) for uart_init
    main.o(i.main) refers to led.o(i.LED_Init) for LED_Init
    main.o(i.main) refers to lcd.o(i.LCD_Init) for LCD_Init
    main.o(i.main) refers to rs485.o(i.uart2_Init) for uart2_Init
    main.o(i.main) refers to usart3.o(i.usart3_init) for usart3_init
    main.o(i.main) refers to w25qxx.o(i.W25QXX_Init) for W25QXX_Init
    main.o(i.main) refers to lcd.o(i.LCD_ShowString) for LCD_ShowString
    main.o(i.main) refers to delay.o(i.delay_ms) for delay_ms
    main.o(i.main) refers to lcd.o(i.LCD_Fill) for LCD_Fill
    main.o(i.main) refers to fontupd.o(i.font_init) for font_init
    main.o(i.main) refers to text.o(i.Show_Str) for Show_Str
    main.o(i.main) refers to gps.o(i.SkyTra_Cfg_Rate) for SkyTra_Cfg_Rate
    main.o(i.main) refers to gps.o(i.SkyTra_Cfg_Prt) for SkyTra_Cfg_Prt
    main.o(i.main) refers to gps.o(i.SkyTra_Cfg_Tp) for SkyTra_Cfg_Tp
    main.o(i.main) refers to gps.o(i.GPS_Analysis) for GPS_Analysis
    main.o(i.main) refers to main.o(i.Gps_Msg_Show) for Gps_Msg_Show
    main.o(i.main) refers to stm32f10x_usart.o(i.USART_ReceiveData) for USART_ReceiveData
    main.o(i.main) refers to stm32f10x_usart.o(i.USART_GetFlagStatus) for USART_GetFlagStatus
    main.o(i.main) refers to rs485.o(i.usart2_Send_Data) for usart2_Send_Data
    main.o(i.main) refers to rt_memclr_w.o(.text) for __aeabi_memclr4
    main.o(i.main) refers to main.o(i.HexToAscii) for HexToAscii
    main.o(i.main) refers to lcd.o(i.LCD_ShowxNum) for LCD_ShowxNum
    main.o(i.main) refers to lcd.o(.data) for POINT_COLOR
    main.o(i.main) refers to usart3.o(.data) for USART3_RX_STA
    main.o(i.main) refers to usart3.o(.bss) for USART3_RX_BUF
    main.o(i.main) refers to main.o(.bss) for USART1_TX_BUF
    main.o(i.main) refers to usart.o(.data) for USART_RX_STA
    main.o(i.main) refers to usart.o(.bss) for USART_RX_BUF
    main.o(.data) refers to main.o(.conststring) for .conststring
    system_stm32f10x.o(i.SetSysClock) refers to system_stm32f10x.o(i.SetSysClockTo72) for SetSysClockTo72
    system_stm32f10x.o(i.SystemCoreClockUpdate) refers to system_stm32f10x.o(.data) for SystemCoreClock
    system_stm32f10x.o(i.SystemInit) refers to system_stm32f10x.o(i.SetSysClock) for SetSysClock
    startup_stm32f10x_hd.o(STACK) refers (Special) to heapauxi.o(.text) for __use_two_region_memory
    startup_stm32f10x_hd.o(HEAP) refers (Special) to heapauxi.o(.text) for __use_two_region_memory
    startup_stm32f10x_hd.o(RESET) refers (Special) to heapauxi.o(.text) for __use_two_region_memory
    startup_stm32f10x_hd.o(RESET) refers to startup_stm32f10x_hd.o(STACK) for __initial_sp
    startup_stm32f10x_hd.o(RESET) refers to startup_stm32f10x_hd.o(.text) for Reset_Handler
    startup_stm32f10x_hd.o(RESET) refers to stm32f10x_it.o(i.NMI_Handler) for NMI_Handler
    startup_stm32f10x_hd.o(RESET) refers to stm32f10x_it.o(i.HardFault_Handler) for HardFault_Handler
    startup_stm32f10x_hd.o(RESET) refers to stm32f10x_it.o(i.MemManage_Handler) for MemManage_Handler
    startup_stm32f10x_hd.o(RESET) refers to stm32f10x_it.o(i.BusFault_Handler) for BusFault_Handler
[...]
    i.usmart_get_aparm                       0x080089d4   Section        0  usmart_str.o(i.usmart_get_aparm)
    i.usmart_get_cmdname                     0x08008a9c   Section        0  usmart_str.o(i.usmart_get_cmdname)
    i.usmart_get_fname                       0x08008ad4   Section        0  usmart_str.o(i.usmart_get_fname)
    i.usmart_get_fparam                      0x08008c94   Section        0  usmart_str.o(i.usmart_get_fparam)
    i.usmart_get_parmpos                     0x08008da0   Section        0  usmart_str.o(i.usmart_get_parmpos)
    i.usmart_get_runtime                     0x08008dc0   Section        0  usmart.o(i.usmart_get_runtime)
    i.usmart_init                            0x08008e04   Section        0  usmart.o(i.usmart_init)
    i.usmart_pow                             0x08008e2c   Section        0  usmart_str.o(i.usmart_pow)
    i.usmart_reset_runtime                   0x08008e44   Section        0  usmart.o(i.usmart_reset_runtime)
    i.usmart_scan                            0x08008e74   Section        0  usmart.o(i.usmart_scan)
    i.usmart_search_nextc                    0x08008f30   Section        0  usmart_str.o(i.usmart_search_nextc)
    i.usmart_str2num                         0x08008f46   Section        0  usmart_str.o(i.usmart_str2num)
    i.usmart_strcmp                          0x08009010   Section        0  usmart_str.o(i.usmart_strcmp)
    i.usmart_strcopy                         0x08009032   Section        0  usmart_str.o(i.usmart_strcopy)
    i.usmart_strlen                          0x08009048   Section        0  usmart_str.o(i.usmart_strlen)
    i.usmart_sys_cmd_exe                     0x08009060   Section        0  usmart.o(i.usmart_sys_cmd_exe)
    i.write_addr                             0x08009744   Section        0  usmart.o(i.write_addr)
    locale$$code                             0x08009748   Section       44  lc_numeric_c.o(locale$$code)
    x$fpl$dfixu                              0x08009774   Section       90  dfixu.o(x$fpl$dfixu)
    x$fpl$dfltu                              0x080097ce   Section       38  dflt_clz.o(x$fpl$dfltu)
    x$fpl$dmul                               0x080097f4   Section      340  dmul.o(x$fpl$dmul)
    x$fpl$dnaninf                            0x08009948   Section      156  dnaninf.o(x$fpl$dnaninf)
    x$fpl$dretinf                            0x080099e4   Section       12  dretinf.o(x$fpl$dretinf)
    x$fpl$f2d                                0x080099f0   Section       86  f2d.o(x$fpl$f2d)
    x$fpl$fadd                               0x08009a48   Section      196  faddsub_clz.o(x$fpl$fadd)
    _fadd1                                   0x08009a57   Thumb Code     0  faddsub_clz.o(x$fpl$fadd)
    x$fpl$fdiv                               0x08009b0c   Section      388  fdiv.o(x$fpl$fdiv)
    _fdiv1                                   0x08009b0d   Thumb Code     0  fdiv.o(x$fpl$fdiv)
    x$fpl$ffixu                              0x08009c90   Section       62  ffixu.o(x$fpl$ffixu)
    x$fpl$fflt                               0x08009cd0   Section       48  fflt_clz.o(x$fpl$fflt)
    x$fpl$ffltu                              0x08009d00   Section       38  fflt_clz.o(x$fpl$ffltu)
    x$fpl$fmul                               0x08009d28   Section      258  fmul.o(x$fpl$fmul)
    x$fpl$fnaninf                            0x08009e2a   Section      140  fnaninf.o(x$fpl$fnaninf)
    x$fpl$fretinf                            0x08009eb6   Section       10  fretinf.o(x$fpl$fretinf)
    x$fpl$fsub                               0x08009ec0   Section      234  faddsub_clz.o(x$fpl$fsub)
    _fsub1                                   0x08009ecf   Thumb Code     0  faddsub_clz.o(x$fpl$fsub)
    x$fpl$printf1                            0x08009faa   Section        4  printf1.o(x$fpl$printf1)
    .constdata                               0x08009fae   Section     6080  lcd.o(.constdata)
    x$fpl$usenofp                            0x08009fae   Section        0  usenofp.o(x$fpl$usenofp)
    .constdata                               0x0800b770   Section       36  gps.o(.constdata)
    .constdata                               0x0800b794   Section       40  _printf_hex_int_ll_ptr.o(.constdata)
    uc_hextab                                0x0800b794   Data          20  _printf_hex_int_ll_ptr.o(.constdata)
    lc_hextab                                0x0800b7a8   Data          20  _printf_hex_int_ll_ptr.o(.constdata)
    .constdata                               0x0800b7bc   Section       17  __printf_flags_ss_wp.o(.constdata)
    maptable                                 0x0800b7bc   Data          17  __printf_flags_ss_wp.o(.constdata)
    .constdata                               0x0800b7d0   Section      148  bigflt0.o(.constdata)
    tenpwrs_x                                0x0800b7d0   Data          60  bigflt0.o(.constdata)
    tenpwrs_i                                0x0800b80c   Data          64  bigflt0.o(.constdata)
    .conststring                             0x0800b864   Section       21  main.o(.conststring)
    .conststring                             0x0800b87c   Section       40  usmart.o(.conststring)
    .conststring                             0x0800b8a4   Section      148  usmart_config.o(.conststring)
    locale$$data                             0x0800b958   Section       28  lc_numeric_c.o(locale$$data)
    __lcnum_c_name                           0x0800b95c   Data           2  lc_numeric_c.o(locale$$data)
    __lcnum_c_start                          0x0800b964   Data           0  lc_numeric_c.o(locale$$data)
    __lcnum_c_point                          0x0800b970   Data           0  lc_numeric_c.o(locale$$data)
    __lcnum_c_thousands                      0x0800b972   Data           0  lc_numeric_c.o(locale$$data)
    __lcnum_c_grouping                       0x0800b973   Data           0  lc_numeric_c.o(locale$$data)
    __lcnum_c_end                            0x0800b974   Data           0  lc_numeric_c.o(locale$$data)
    .data                                    0x20000000   Section       16  main.o(.data)
    .data                                    0x20000010   Section       20  system_stm32f10x.o(.data)
    .data                                    0x20000024   Section       20  stm32f10x_rcc.o(.data)
    APBAHBPrescTable                         0x20000024   Data          16  stm32f10x_rcc.o(.data)
    ADCPrescTable                            0x20000034   Data           4  stm32f10x_rcc.o(.data)
    .data                                    0x20000038   Section        4  delay.o(.data)
    fac_us                                   0x20000038   Data           1  delay.o(.data)
    fac_ms                                   0x2000003a   Data           2  delay.o(.data)
    .data                                    0x2000003c   Section        6  usart.o(.data)
    .data                                    0x20000042   Section        4  lcd.o(.data)
    .data                                    0x20000046   Section        1  rs485.o(.data)
    .data                                    0x20000048   Section        2  usart3.o(.data)
    .data                                    0x2000004a   Section        2  w25qxx.o(.data)
    .data                                    0x2000004c   Section       16  sdio_sdcard.o(.data)
    CardType                                 0x2000004c   Data           1  sdio_sdcard.o(.data)
    RCA                                      0x20000050   Data           4  sdio_sdcard.o(.data)
    DeviceMode                               0x20000054   Data           1  sdio_sdcard.o(.data)
    StopCondition                            0x20000055   Data           1  sdio_sdcard.o(.data)
    .data                                    0x2000005c   Section       28  usmart.o(.data)
    .data                                    0x20000078   Section      284  usmart_config.o(.data)
    .bss                                     0x20000194   Section      818  main.o(.bss)
    .bss                                     0x200004c6   Section      200  usart.o(.bss)
    .bss                                     0x2000058e   Section       14  lcd.o(.bss)
    .bss                                     0x2000059c   Section       64  rs485.o(.bss)
    .bss                                     0x200005dc   Section     1200  usart3.o(.bss)
    .bss                                     0x20000a90   Section      704  sdio_sdcard.o(.bss)
    CSD_Tab                                  0x20000ad4   Data          16  sdio_sdcard.o(.bss)
    CID_Tab                                  0x20000ae4   Data          16  sdio_sdcard.o(.bss)
    .bss                                     0x20000d50   Section       33  fontupd.o(.bss)
    .bss                                     0x20000d74   Section       96  libspace.o(.bss)
    HEAP                                     0x20000dd8   Section      512  startup_stm32f10x_hd.o(HEAP)
    Heap_Mem                                 0x20000dd8   Data         512  startup_stm32f10x_hd.o(HEAP)
    STACK                                    0x20000fd8   Section     1024  startup_stm32f10x_hd.o(STACK)
    Stack_Mem                                0x20000fd8   Data        1024  startup_stm32f10x_hd.o(STACK)
    __initial_sp                             0x200013d8   Data           0  startup_stm32f10x_hd.o(STACK)
    .ARM.__AT_0x68000000                     0x68000000   Section    983040  malloc.o(.ARM.__AT_0x68000000)
    .ARM.__AT_0x680F0000                     0x680f0000   Section    61440  malloc.o(.ARM.__AT_0x680F0000)

    Global Symbols

    Symbol Name                              Value     Ov Type        Size  Object(Section)

    BuildAttributes$$THM_ISAv4$P$D$K$B$S$PE$A:L22UL41UL21$X:L11$S22US41US21$IEEE1$IW$USESV6$~STKCKD$USESV7$~SHL$OTIME$ROPI$IEEEJ$EBA8$UX$STANDARDLIB$REQ8$PRES8$EABIv2 0x00000000   Number         0  anon$$obj.o ABSOLUTE
    __ARM_use_no_argv                        0x00000000   Number         0  main.o ABSOLUTE
    _printf_flags                            0x00000000   Number         0  printf_stubs.o ABSOLUTE
    _printf_return_value                     0x00000000   Number         0  printf_stubs.o ABSOLUTE
    _printf_sizespec                         0x00000000   Number         0  printf_stubs.o ABSOLUTE
    _printf_widthprec                        0x00000000   Number         0  printf_stubs.o ABSOLUTE
    __ARM_exceptions_init                     - Undefined Weak Reference
    __alloca_initialize                       - Undefined Weak Reference
    __arm_preinit_                            - Undefined Weak Reference
    __cpp_initialize__aeabi_                  - Undefined Weak Reference
    __cxa_finalize                            - Undefined Weak Reference
    __sigvec_lookup                           - Undefined Weak Reference
    _atexit_init                              - Undefined Weak Reference
    _call_atexit_fns                          - Undefined Weak Reference
    _clock_init                               - Undefined Weak Reference
    _fp_trap_init                             - Undefined Weak Reference
    _fp_trap_shutdown                         - Undefined Weak Reference
    _get_lc_collate                           - Undefined Weak Reference
    _get_lc_monetary                          - Undefined Weak Reference
    _get_lc_time                              - Undefined Weak Reference
    _getenv_init                              - Undefined Weak Reference
    _handle_redirection                       - Undefined Weak Reference
    _init_alloc                               - Undefined Weak Reference
    _init_user_alloc                          - Undefined Weak Reference
    _initio                                   - Undefined Weak Reference
    _mutex_acquire                            - Undefined Weak Reference
    _mutex_release                            - Undefined Weak Reference
    _printf_mbtowc                            - Undefined Weak Reference
    _printf_wc                                - Undefined Weak Reference
    _rand_init                                - Undefined Weak Reference
    _signal_finish                            - Undefined Weak Reference
    _signal_init                              - Undefined Weak Reference
    _terminate_alloc                          - Undefined Weak Reference
    _terminate_user_alloc                     - Undefined Weak Reference
    _terminateio                              - Undefined Weak Reference
    __Vectors_Size                           0x00000130   Number         0  startup_stm32f10x_hd.o ABSOLUTE
    __Vectors                                0x08000000   Data           4  startup_stm32f10x_hd.o(RESET)
    __Vectors_End                            0x08000130   Data           0  startup_stm32f10x_hd.o(RESET)
    __main                                   0x08000131   Thumb Code     8  __main.o(!!!main)
    __scatterload                            0x08000139   Thumb Code     0  __scatter.o(!!!scatter)
    __scatterload_rt2                        0x08000139   Thumb Code    44  __scatter.o(!!!scatter)
    __scatterload_rt2_thumb_only             0x08000139   Thumb Code     0  __scatter.o(!!!scatter)
    __scatterload_null                       0x08000147   Thumb Code     0  __scatter.o(!!!scatter)
    __decompress                             0x0800016d   Thumb Code    90  __dczerorl2.o(!!dczerorl2)
    __decompress1                            0x0800016d   Thumb Code     0  __dczerorl2.o(!!dczerorl2)
    __scatterload_zeroinit                   0x080001c9   Thumb Code    28  __scatter_zi.o(!!handler_zi)
    _printf_f                                0x080001e5   Thumb Code     0  _printf_f.o(.ARM.Collect$$_printf_percent$$00000003)
    _printf_percent                          0x080001e5   Thumb Code     0  _printf_percent.o(.ARM.Collect$$_printf_percent$$00000000)
    _printf_d                                0x080001eb   Thumb Code     0  _printf_d.o(.ARM.Collect$$_printf_percent$$00000009)
    _printf_u                                0x080001f1   Thumb Code     0  _printf_u.o(.ARM.Collect$$_printf_percent$$0000000A)
    _printf_x                                0x080001f7   Thumb Code     0  _printf_x.o(.ARM.Collect$$_printf_percent$$0000000C)
    _printf_c                                0x080001fd   Thumb Code     0  _printf_c.o(.ARM.Collect$$_printf_percent$$00000013)
    _printf_s                                0x08000203   Thumb Code     0  _printf_s.o(.ARM.Collect$$_printf_percent$$00000014)
    _printf_percent_end                      0x08000209   Thumb Code     0  _printf_percent_end.o(.ARM.Collect$$_printf_percent$$00000017)
    __rt_lib_init                            0x0800020d   Thumb Code     0  libinit.o(.ARM.Collect$$libinit$$00000000)
    __rt_lib_init_fp_1                       0x0800020f   Thumb Code     0  libinit2.o(.ARM.Collect$$libinit$$00000002)
    __rt_lib_init_heap_1                     0x0800020f   Thumb Code     0  libinit2.o(.ARM.Collect$$libinit$$0000000A)
    __rt_lib_init_lc_common                  0x0800020f   Thumb Code     0  libinit2.o(.ARM.Collect$$libinit$$0000000F)
    __rt_lib_init_preinit_1                  0x0800020f   Thumb Code     0  libinit2.o(.ARM.Collect$$libinit$$00000004)
    __rt_lib_init_rand_1                     0x0800020f   Thumb Code     0  libinit2.o(.ARM.Collect$$libinit$$0000000E)
    __rt_lib_init_user_alloc_1               0x0800020f   Thumb Code     0  libinit2.o(.ARM.Collect$$libinit$$0000000C)
    __rt_lib_init_lc_collate_1               0x08000215   Thumb Code     0  libinit2.o(.ARM.Collect$$libinit$$00000011)
    __rt_lib_init_lc_ctype_1                 0x08000215   Thumb Code     0  libinit2.o(.ARM.Collect$$libinit$$00000013)
    __rt_lib_init_lc_monetary_1              0x08000215   Thumb Code     0  libinit2.o(.ARM.Collect$$libinit$$00000015)
    __rt_lib_init_lc_numeric_2               0x08000215   Thumb Code     0  libinit2.o(.ARM.Collect$$libinit$$00000016)
    __rt_lib_init_alloca_1                   0x0800021f   Thumb Code     0  libinit2.o(.ARM.Collect$$libinit$$0000002E)
    __rt_lib_init_argv_1                     0x0800021f   Thumb Code     0  libinit2.o(.ARM.Collect$$libinit$$0000002C)
    __rt_lib_init_atexit_1                   0x0800021f   Thumb Code     0  libinit2.o(.ARM.Collect$$libinit$$0000001B)
    __rt_lib_init_clock_1                    0x0800021f   Thumb Code     0  libinit2.o(.ARM.Collect$$libinit$$00000021)
    __rt_lib_init_cpp_1                      0x0800021f   Thumb Code     0  libinit2.o(.ARM.Collect$$libinit$$00000032)
    __rt_lib_init_exceptions_1               0x0800021f   Thumb Code     0  libinit2.o(.ARM.Collect$$libinit$$00000030)
    __rt_lib_init_fp_trap_1                  0x0800021f   Thumb Code     0  libinit2.o(.ARM.Collect$$libinit$$0000001F)
    __rt_lib_init_getenv_1                   0x0800021f   Thumb Code     0  libinit2.o(.ARM.Collect$$libinit$$00000023)
    __rt_lib_init_lc_numeric_1               0x0800021f   Thumb Code     0  libinit2.o(.ARM.Collect$$libinit$$00000017)
    __rt_lib_init_lc_time_1                  0x0800021f   Thumb Code     0  libinit2.o(.ARM.Collect$$libinit$$00000019)
    __rt_lib_init_return                     0x0800021f   Thumb Code     0  libinit2.o(.ARM.Collect$$libinit$$00000033)
    __rt_lib_init_signal_1                   0x0800021f   Thumb Code     0  libinit2.o(.ARM.Collect$$libinit$$0000001D)
    __rt_lib_init_stdio_1                    0x0800021f   Thumb Code     0  libinit2.o(.ARM.Collect$$libinit$$00000025)
    __rt_lib_shutdown                        0x08000221   Thumb Code     0  libshutdown.o(.ARM.Collect$$libshutdown$$00000000)
    __rt_lib_shutdown_cpp_1                  0x08000223   Thumb Code     0  libshutdown2.o(.ARM.Collect$$libshutdown$$00000002)
    __rt_lib_shutdown_fp_trap_1              0x08000223   Thumb Code     0  libshutdown2.o(.ARM.Collect$$libshutdown$$00000007)
    __rt_lib_shutdown_heap_1                 0x08000223   Thumb Code     0  libshutdown2.o(.ARM.Collect$$libshutdown$$0000000F)
    __rt_lib_shutdown_return                 0x08000223   Thumb Code     0  libshutdown2.o(.ARM.Collect$$libshutdown$$00000010)
    __rt_lib_shutdown_signal_1               0x08000223   Thumb Code     0  libshutdown2.o(.ARM.Collect$$libshutdown$$0000000A)
    __rt_lib_shutdown_stdio_1                0x08000223   Thumb Code     0  libshutdown2.o(.ARM.Collect$$libshutdown$$00000004)
    __rt_lib_shutdown_user_alloc_1           0x08000223   Thumb Code     0  libshutdown2.o(.ARM.Collect$$libshutdown$$0000000C)
    __rt_entry                               0x08000225   Thumb Code     0  __rtentry.o(.ARM.Collect$$rtentry$$00000000)
    __rt_entry_presh_1                       0x08000225   Thumb Code     0  __rtentry2.o(.ARM.Collect$$rtentry$$00000002)
    __rt_entry_sh                            0x08000225   Thumb Code     0  __rtentry4.o(.ARM.Collect$$rtentry$$00000004)
    __rt_entry_li                            0x0800022b   Thumb Code     0  __rtentry2.o(.ARM.Collect$$rtentry$$0000000A)
    __rt_entry_postsh_1                      0x0800022b   Thumb Code     0  __rtentry2.o(.ARM.Collect$$rtentry$$00000009)
    __rt_entry_main                          0x0800022f   Thumb Code     0  __rtentry2.o(.ARM.Collect$$rtentry$$0000000D)
    __rt_entry_postli_1                      0x0800022f   Thumb Code     0  __rtentry2.o(.ARM.Collect$$rtentry$$0000000C)
    __rt_exit                                0x08000237   Thumb Code     0  rtexit.o(.ARM.Collect$$rtexit$$00000000)
    __rt_exit_ls                             0x08000239   Thumb Code     0  rtexit2.o(.ARM.Collect$$rtexit$$00000003)
    __rt_exit_prels_1                        0x08000239   Thumb Code     0  rtexit2.o(.ARM.Collect$$rtexit$$00000002)
    __rt_exit_exit                           0x0800023d   Thumb Code     0  rtexit2.o(.ARM.Collect$$rtexit$$00000004)
    Reset_Handler                            0x08000245   Thumb Code     8  startup_stm32f10x_hd.o(.text)
    ADC1_2_IRQHandler                        0x0800025f   Thumb Code     0  startup_stm32f10x_hd.o(.text)
    ADC3_IRQHandler                          0x0800025f   Thumb Code     0  startup_stm32f10x_hd.o(.text)
    CAN1_RX1_IRQHandler                      0x0800025f   Thumb Code     0  startup_stm32f10x_hd.o(.text)
    CAN1_SCE_IRQHandler                      0x0800025f   Thumb Code     0  startup_stm32f10x_hd.o(.text)
    DMA1_Channel1_IRQHandler                 0x0800025f   Thumb Code     0  startup_stm32f10x_hd.o(.text)
    DMA1_Channel2_IRQHandler                 0x0800025f   Thumb Code     0  startup_stm32f10x_hd.o(.text)
    DMA1_Channel3_IRQHandler                 0x0800025f   Thumb Code     0  startup_stm32f10x_hd.o(.text)
    DMA1_Channel4_IRQHandler                 0x0800025f   Thumb Code     0  startup_stm32f10x_hd.o(.text)
    DMA1_Channel5_IRQHandler                 0x0800025f   Thumb Code     0  startup_stm32f10x_hd.o(.text)
    DMA1_Channel6_IRQHandler                 0x0800025f   Thumb Code     0  startup_stm32f10x_hd.o(.text)
    DMA1_Channel7_IRQHandler                 0x0800025f   Thumb Code     0  startup_stm32f10x_hd.o(.text)
    DMA2_Channel1_IRQHandler                 0x0800025f   Thumb Code     0  startup_stm32f10x_hd.o(.text)
    DMA2_Channel2_IRQHandler                 0x0800025f   Thumb Code     0  startup_stm32f10x_hd.o(.text)
    DMA2_Channel3_IRQHandler                 0x0800025f   Thumb Code     0  startup_stm32f10x_hd.o(.text)
    DMA2_Channel4_5_IRQHandler               0x0800025f   Thumb Code     0  startup_stm32f10x_hd.o(.text)
    EXTI0_IRQHandler                         0x0800025f   Thumb Code     0  startup_stm32f10x_hd.o(.text)
    EXTI15_10_IRQHandler                     0x0800025f   Thumb Code     0  startup_stm32f10x_hd.o(.text)
    EXTI1_IRQHandler                         0x0800025f   Thumb Code     0  startup_stm32f10x_hd.o(.text)
    EXTI2_IRQHandler                         0x0800025f   Thumb Code     0  startup_stm32f10x_hd.o(.text)
    EXTI3_IRQHandler                         0x0800025f   Thumb Code     0  startup_stm32f10x_hd.o(.text)
    EXTI4_IRQHandler                         0x0800025f   Thumb Code     0  startup_stm32f10x_hd.o(.text)
    EXTI9_5_IRQHandler                       0x0800025f   Thumb Code     0  startup_stm32f10x_hd.o(.text)
    FLASH_IRQHandler                         0x0800025f   Thumb Code     0  startup_stm32f10x_hd.o(.text)
    FSMC_IRQHandler                          0x0800025f   Thumb Code     0  startup_stm32f10x_hd.o(.text)
    I2C1_ER_IRQHandler                       0x0800025f   Thumb Code     0  startup_stm32f10x_hd.o(.text)
    I2C1_EV_IRQHandler                       0x0800025f   Thumb Code     0  startup_stm32f10x_hd.o(.text)
    I2C2_ER_IRQHandler                       0x0800025f   Thumb Code     0  startup_stm32f10x_hd.o(.text)
    I2C2_EV_IRQHandler                       0x0800025f   Thumb Code     0  startup_stm32f10x_hd.o(.text)
    PVD_IRQHandler                           0x0800025f   Thumb Code     0  startup_stm32f10x_hd.o(.text)
    RCC_IRQHandler                           0x0800025f   Thumb Code     0  startup_stm32f10x_hd.o(.text)
    RTCAlarm_IRQHandler                      0x0800025f   Thumb Code     0  startup_stm32f10x_hd.o(.text)
    RTC_IRQHandler                           0x0800025f   Thumb Code     0  startup_stm32f10x_hd.o(.text)
    SPI1_IRQHandler                          0x0800025f   Thumb Code     0  startup_stm32f10x_hd.o(.text)
    SPI2_IRQHandler                          0x0800025f   Thumb Code     0  startup_stm32f10x_hd.o(.text)
    SPI3_IRQHandler                          0x0800025f   Thumb Code     0  startup_stm32f10x_hd.o(.text)
    TAMPER_IRQHandler                        0x0800025f   Thumb Code     0  startup_stm32f10x_hd.o(.text)
    TIM1_BRK_IRQHandler                      0x0800025f   Thumb Code     0  startup_stm32f10x_hd.o(.text)
    TIM1_CC_IRQHandler                       0x0800025f   Thumb Code     0  startup_stm32f10x_hd.o(.text)
    TIM1_TRG_COM_IRQHandler                  0x0800025f   Thumb Code     0  startup_stm32f10x_hd.o(.text)
    TIM1_UP_IRQHandler                       0x0800025f   Thumb Code     0  startup_stm32f10x_hd.o(.text)
    TIM2_IRQHandler                          0x0800025f   Thumb Code     0  startup_stm32f10x_hd.o(.text)
    TIM3_IRQHandler                          0x0800025f   Thumb Code     0  startup_stm32f10x_hd.o(.text)
    TIM5_IRQHandler                          0x0800025f   Thumb Code     0  startup_stm32f10x_hd.o(.text)
    TIM6_IRQHandler                          0x0800025f   Thumb Code     0  startup_stm32f10x_hd.o(.text)
    TIM8_BRK_IRQHandler                      0x0800025f   Thumb Code     0  startup_stm32f10x_hd.o(.text)
    TIM8_CC_IRQHandler                       0x0800025f   Thumb Code     0  startup_stm32f10x_hd.o(.text)
    TIM8_TRG_COM_IRQHandler                  0x0800025f   Thumb Code     0  startup_stm32f10x_hd.o(.text)
    TIM8_UP_IRQHandler                       0x0800025f   Thumb Code     0  startup_stm32f10x_hd.o(.text)
    UART4_IRQHandler                         0x0800025f   Thumb Code     0  startup_stm32f10x_hd.o(.text)
    UART5_IRQHandler                         0x0800025f   Thumb Code     0  startup_stm32f10x_hd.o(.text)
    USBWakeUp_IRQHandler                     0x0800025f   Thumb Code     0  startup_stm32f10x_hd.o(.text)
    USB_HP_CAN1_TX_IRQHandler                0x0800025f   Thumb Code     0  startup_stm32f10x_hd.o(.text)
    USB_LP_CAN1_RX0_IRQHandler               0x0800025f   Thumb Code     0  startup_stm32f10x_hd.o(.text)
    WWDG_IRQHandler                          0x0800025f   Thumb Code     0  startup_stm32f10x_hd.o(.text)
    __user_initial_stackheap                 0x08000261   Thumb Code     0  startup_stm32f10x_hd.o(.text)
    __use_no_semihosting                     0x08000285   Thumb Code     2  use_no_semi_2.o(.text)
    __2printf                                0x08000289   Thumb Code    20  __2printf.o(.text)
    __2sprintf                               0x080002a1   Thumb Code    38  __2sprintf.o(.text)
    _printf_pre_padding                      0x080002cd   Thumb Code    44  _printf_pad.o(.text)
    _printf_post_padding                     0x080002f9   Thumb Code    34  _printf_pad.o(.text)
    _printf_str                              0x0800031b   Thumb Code    82  _printf_str.o(.text)
    _printf_int_dec                          0x0800036d   Thumb Code   104  _printf_dec.o(.text)
    _printf_longlong_hex                     0x080003e5   Thumb Code    86  _printf_hex_int_ll_ptr.o(.text)
    _printf_int_hex                          0x0800043b   Thumb Code    28  _printf_hex_int_ll_ptr.o(.text)
    _printf_ll_hex                           0x08000457   Thumb Code    12  _printf_hex_int_ll_ptr.o(.text)
    _printf_hex_ptr                          0x08000463   Thumb Code    18  _printf_hex_int_ll_ptr.o(.text)
    __printf                                 0x08000479   Thumb Code   388  __printf_flags_ss_wp.o(.text)
    strstr                                   0x08000601   Thumb Code    36  strstr.o(.text)
    __aeabi_memclr4                          0x08000625   Thumb Code     0  rt_memclr_w.o(.text)
    __aeabi_memclr8                          0x08000625   Thumb Code     0  rt_memclr_w.o(.text)
    __rt_memclr_w                            0x08000625   Thumb Code    78  rt_memclr_w.o(.text)
    _memset_w                                0x08000629   Thumb Code     0  rt_memclr_w.o(.text)
    strcmp                                   0x08000675   Thumb Code   128  strcmpv7m.o(.text)
    __use_two_region_memory                  0x080006f5   Thumb Code     2  heapauxi.o(.text)
    __rt_heap_escrow$2region                 0x080006f7   Thumb Code     2  heapauxi.o(.text)
    __rt_heap_expand$2region                 0x080006f9   Thumb Code     2  heapauxi.o(.text)
    __I$use$semihosting                      0x080006fb   Thumb Code     0  use_no_semi.o(.text)
    __use_no_semihosting_swi                 0x080006fb   Thumb Code     2  use_no_semi.o(.text)
    _printf_int_common                       0x080006fd   Thumb Code   178  _printf_intcommon.o(.text)
    __lib_sel_fp_printf                      0x080007af   Thumb Code     2  _printf_fp_dec.o(.text)
    _printf_fp_dec_real                      0x08000961   Thumb Code   620  _printf_fp_dec.o(.text)
    _printf_char_common                      0x08000bd7   Thumb Code    32  _printf_char_common.o(.text)
    _sputc                                   0x08000bfd   Thumb Code    10  _sputc.o(.text)
    _printf_cs_common                        0x08000c07   Thumb Code    20  _printf_char.o(.text)
    _printf_char                             0x08000c1b   Thumb Code    16  _printf_char.o(.text)
    _printf_string                           0x08000c2b   Thumb Code     8  _printf_char.o(.text)
    _printf_char_file                        0x08000c35   Thumb Code    32  _printf_char_file.o(.text)
    __rt_locale                              0x08000c59   Thumb Code     8  rt_locale_intlibspace.o(.text)
    _ll_udiv10                               0x08000c61   Thumb Code   138  lludiv10.o(.text)
    _printf_fp_infnan                        0x08000ced   Thumb Code   112  _printf_fp_infnan.o(.text)
    _btod_etento                             0x08000d6d   Thumb Code   224  bigflt0.o(.text)
    ferror                                   0x08000e51   Thumb Code     8  ferror.o(.text)
    __user_libspace                          0x08000e59   Thumb Code     8  libspace.o(.text)
    __user_perproc_libspace                  0x08000e59   Thumb Code     0  libspace.o(.text)
    __user_perthread_libspace                0x08000e59   Thumb Code     0  libspace.o(.text)
    __user_setup_stackheap                   0x08000e61   Thumb Code    74  sys_stackheap_outer.o(.text)
    exit                                     0x08000eab   Thumb Code    18  exit.o(.text)
    _btod_d2e                                0x08000ebd   Thumb Code    62  btod.o(CL$$btod_d2e)
    _d2e_denorm_low                          0x08000efb   Thumb Code    70  btod.o(CL$$btod_d2e_denorm_low)
    _d2e_norm_op1                            0x08000f41   Thumb Code    96  btod.o(CL$$btod_d2e_norm_op1)
    __btod_div_common                        0x08000fa1   Thumb Code   696  btod.o(CL$$btod_div_common)
    _e2e                                     0x080012d9   Thumb Code   220  btod.o(CL$$btod_e2e)
    _btod_ediv                               0x080013b5   Thumb Code    42  btod.o(CL$$btod_ediv)
    _btod_emul                               0x080013df   Thumb Code    42  btod.o(CL$$btod_emul)
    __btod_mult_common                       0x08001409   Thumb Code   580  btod.o(CL$$btod_mult_common)
    BusFault_Handler                         0x0800164d   Thumb Code     4  stm32f10x_it.o(i.BusFault_Handler)
    CmdResp1Error                            0x08001651   Thumb Code    90  sdio_sdcard.o(i.CmdResp1Error)
    DebugMon_Handler                         0x080016b1   Thumb Code     2  stm32f10x_it.o(i.DebugMon_Handler)
    FSMC_NORSRAMCmd                          0x080016b5   Thumb Code    46  stm32f10x_fsmc.o(i.FSMC_NORSRAMCmd)
    FSMC_NORSRAMInit                         0x080016e9   Thumb Code   230  stm32f10x_fsmc.o(i.FSMC_NORSRAMInit)
    GPIO_Init                                0x080017cf   Thumb Code   278  stm32f10x_gpio.o(i.GPIO_Init)
    GPIO_SetBits                             0x080018e5   Thumb Code     4  stm32f10x_gpio.o(i.GPIO_SetBits)
    GPS_Analysis                             0x080018e9   Thumb Code    56  gps.o(i.GPS_Analysis)
    Get_HzMat                                0x08001921   Thumb Code   220  text.o(i.Get_HzMat)
    Gps_Msg_Show                             0x08001a01   Thumb Code   550  main.o(i.Gps_Msg_Show)
    HardFault_Handler                        0x08001d35   Thumb Code     4  stm32f10x_it.o(i.HardFault_Handler)
    HexToAscii                               0x08001d39   Thumb Code    96  main.o(i.HexToAscii)
    LCD_Clear                                0x08001d99   Thumb Code   100  lcd.o(i.LCD_Clear)
    LCD_Display_Dir                          0x08001e05   Thumb Code   444  lcd.o(i.LCD_Display_Dir)
    LCD_Fast_DrawPoint                       0x08001fc5   Thumb Code   370  lcd.o(i.LCD_Fast_DrawPoint)
    LCD_Fill                                 0x08002141   Thumb Code   178  lcd.o(i.LCD_Fill)
    LCD_Init                                 0x080021fd   Thumb Code 14186  lcd.o(i.LCD_Init)
    LCD_Pow                                  0x08005971   Thumb Code    22  lcd.o(i.LCD_Pow)
    LCD_RD_DATA                              0x08005989   Thumb Code    14  lcd.o(i.LCD_RD_DATA)
    LCD_ReadReg                              0x0800599d   Thumb Code    22  lcd.o(i.LCD_ReadReg)
    LCD_SSD_BackLightSet                     0x080059b5   Thumb Code    80  lcd.o(i.LCD_SSD_BackLightSet)
    LCD_Scan_Dir                             0x08005a09   Thumb Code   744  lcd.o(i.LCD_Scan_Dir)
    LCD_SetCursor                            0x08005cf5   Thumb Code   418  lcd.o(i.LCD_SetCursor)
    LCD_ShowChar                             0x08005e9d   Thumb Code   272  lcd.o(i.LCD_ShowChar)
    LCD_ShowString                           0x08005fc5   Thumb Code   102  lcd.o(i.LCD_ShowString)
    LCD_ShowxNum                             0x0800602b   Thumb Code   190  lcd.o(i.LCD_ShowxNum)
    LCD_WR_DATA                              0x080060e9   Thumb Code     6  lcd.o(i.LCD_WR_DATA)
    LCD_WR_REG                               0x080060f5   Thumb Code     6  lcd.o(i.LCD_WR_REG)
    LCD_WriteRAM_Prepare                     0x08006101   Thumb Code    10  lcd.o(i.LCD_WriteRAM_Prepare)
    LCD_WriteReg                             0x08006115   Thumb Code    10  lcd.o(i.LCD_WriteReg)
    LED_Init                                 0x08006125   Thumb Code    68  led.o(i.LED_Init)
    MemManage_Handler                        0x08006171   Thumb Code     4  stm32f10x_it.o(i.MemManage_Handler)
    NMEA_BDGSV_Analysis                      0x08006175   Thumb Code   298  gps.o(i.NMEA_BDGSV_Analysis)
    NMEA_Comma_Pos                           0x080062a9   Thumb Code    50  gps.o(i.NMEA_Comma_Pos)
    NMEA_GNGGA_Analysis                      0x080062dd   Thumb Code    96  gps.o(i.NMEA_GNGGA_Analysis)
    NMEA_GNGSA_Analysis                      0x08006345   Thumb Code   176  gps.o(i.NMEA_GNGSA_Analysis)
    NMEA_GNRMC_Analysis                      0x080063fd   Thumb Code   536  gps.o(i.NMEA_GNRMC_Analysis)
    NMEA_GNVTG_Analysis                      0x08006621   Thumb Code    78  gps.o(i.NMEA_GNVTG_Analysis)
    NMEA_GPGSV_Analysis                      0x08006679   Thumb Code   290  gps.o(i.NMEA_GPGSV_Analysis)
    NMEA_Pow                                 0x080067a5   Thumb Code    22  gps.o(i.NMEA_Pow)
    NMEA_Str2num                             0x080067bb   Thumb Code   234  gps.o(i.NMEA_Str2num)
    NMI_Handler                              0x080068a5   Thumb Code     2  stm32f10x_it.o(i.NMI_Handler)
    NVIC_Init                                0x080068a9   Thumb Code   100  misc.o(i.NVIC_Init)
    NVIC_PriorityGroupConfig                 0x08006919   Thumb Code    10  misc.o(i.NVIC_PriorityGroupConfig)
    PendSV_Handler                           0x0800692d   Thumb Code     2  stm32f10x_it.o(i.PendSV_Handler)
    RCC_AHBPeriphClockCmd                    0x08006931   Thumb Code    26  stm32f10x_rcc.o(i.RCC_AHBPeriphClockCmd)
    RCC_APB1PeriphClockCmd                   0x08006951   Thumb Code    26  stm32f10x_rcc.o(i.RCC_APB1PeriphClockCmd)
    RCC_APB1PeriphResetCmd                   0x08006971   Thumb Code    26  stm32f10x_rcc.o(i.RCC_APB1PeriphResetCmd)
    RCC_APB2PeriphClockCmd                   0x08006991   Thumb Code    26  stm32f10x_rcc.o(i.RCC_APB2PeriphClockCmd)
    RCC_APB2PeriphResetCmd                   0x080069b1   Thumb Code    26  stm32f10x_rcc.o(i.RCC_APB2PeriphResetCmd)
    RCC_GetClocksFreq                        0x080069d1   Thumb Code   192  stm32f10x_rcc.o(i.RCC_GetClocksFreq)
    SDIO_ClearFlag                           0x08006aa5   Thumb Code     6  stm32f10x_sdio.o(i.SDIO_ClearFlag)
    SDIO_GetFlagStatus                       0x08006ab1   Thumb Code    20  stm32f10x_sdio.o(i.SDIO_GetFlagStatus)
    SDIO_IRQHandler                          0x08006ac9   Thumb Code     8  sdio_sdcard.o(i.SDIO_IRQHandler)
    SDIO_SendCommand                         0x08006ad1   Thumb Code    38  stm32f10x_sdio.o(i.SDIO_SendCommand)
    SD_ProcessIRQSrc                         0x08006afd   Thumb Code   296  sdio_sdcard.o(i.SD_ProcessIRQSrc)
    SPI2_Init                                0x08006c39   Thumb Code   140  spi.o(i.SPI2_Init)
    SPI2_ReadWriteByte                       0x08006ccd   Thumb Code    78  spi.o(i.SPI2_ReadWriteByte)
    SPI2_SetSpeed                            0x08006d21   Thumb Code    36  spi.o(i.SPI2_SetSpeed)
    SPI_Cmd                                  0x08006d49   Thumb Code    24  stm32f10x_spi.o(i.SPI_Cmd)
    SPI_I2S_GetFlagStatus                    0x08006d61   Thumb Code    18  stm32f10x_spi.o(i.SPI_I2S_GetFlagStatus)
    SPI_I2S_ReceiveData                      0x08006d73   Thumb Code     6  stm32f10x_spi.o(i.SPI_I2S_ReceiveData)
    SPI_I2S_SendData                         0x08006d79   Thumb Code     4  stm32f10x_spi.o(i.SPI_I2S_SendData)
    SPI_Init                                 0x08006d7d   Thumb Code    60  stm32f10x_spi.o(i.SPI_Init)
    SVC_Handler                              0x08006db9   Thumb Code     2  stm32f10x_it.o(i.SVC_Handler)
    Show_Font                                0x08006ea5   Thumb Code   190  text.o(i.Show_Font)
    Show_Str                                 0x08006f6d   Thumb Code   194  text.o(i.Show_Str)
    SkyTra_Cfg_Ack_Check                     0x08007031   Thumb Code   100  gps.o(i.SkyTra_Cfg_Ack_Check)
    SkyTra_Cfg_Prt                           0x0800709d   Thumb Code    86  gps.o(i.SkyTra_Cfg_Prt)
    SkyTra_Cfg_Rate                          0x080070fd   Thumb Code    60  gps.o(i.SkyTra_Cfg_Rate)
    SkyTra_Cfg_Tp                            0x0800713d   Thumb Code   126  gps.o(i.SkyTra_Cfg_Tp)
    SkyTra_Send_Date                         0x080071c1   Thumb Code    40  gps.o(i.SkyTra_Send_Date)
    SysTick_CLKSourceConfig                  0x080071ed   Thumb Code    40  misc.o(i.SysTick_CLKSourceConfig)
    SysTick_Handler                          0x08007215   Thumb Code     2  stm32f10x_it.o(i.SysTick_Handler)
    SystemInit                               0x08007219   Thumb Code    78  system_stm32f10x.o(i.SystemInit)
    TIM4_IRQHandler                          0x08007279   Thumb Code    46  usmart.o(i.TIM4_IRQHandler)
    TIM7_IRQHandler                          0x080072b1   Thumb Code    42  timer.o(i.TIM7_IRQHandler)
    TIM7_Int_Init                            0x080072e5   Thumb Code    90  timer.o(i.TIM7_Int_Init)
    TIM_ClearFlag                            0x08007345   Thumb Code     6  stm32f10x_tim.o(i.TIM_ClearFlag)
    TIM_ClearITPendingBit                    0x0800734b   Thumb Code     6  stm32f10x_tim.o(i.TIM_ClearITPendingBit)
    TIM_Cmd                                  0x08007351   Thumb Code    24  stm32f10x_tim.o(i.TIM_Cmd)
    TIM_GetCounter                           0x08007369   Thumb Code     6  stm32f10x_tim.o(i.TIM_GetCounter)
    TIM_GetFlagStatus                        0x0800736f   Thumb Code    18  stm32f10x_tim.o(i.TIM_GetFlagStatus)
    TIM_GetITStatus                          0x08007381   Thumb Code    34  stm32f10x_tim.o(i.TIM_GetITStatus)
    TIM_ITConfig                             0x080073a3   Thumb Code    18  stm32f10x_tim.o(i.TIM_ITConfig)
    TIM_SetAutoreload                        0x080073b5   Thumb Code     4  stm32f10x_tim.o(i.TIM_SetAutoreload)
    TIM_SetCounter                           0x080073b9   Thumb Code     4  stm32f10x_tim.o(i.TIM_SetCounter)
    TIM_TimeBaseInit                         0x080073bd   Thumb Code   122  stm32f10x_tim.o(i.TIM_TimeBaseInit)
    Timer4_Init                              0x08007461   Thumb Code    88  usmart.o(i.Timer4_Init)
    USART1_IRQHandler                        0x080074bd   Thumb Code   122  usart.o(i.USART1_IRQHandler)
    USART2_IRQHandler                        0x08007545   Thumb Code    50  rs485.o(i.USART2_IRQHandler)
    USART3_IRQHandler                        0x08007589   Thumb Code    94  usart3.o(i.USART3_IRQHandler)
    USART_Cmd                                0x080075f9   Thumb Code    24  stm32f10x_usart.o(i.USART_Cmd)
    USART_DeInit                             0x08007611   Thumb Code   134  stm32f10x_usart.o(i.USART_DeInit)
    USART_GetFlagStatus                      0x080076ad   Thumb Code    26  stm32f10x_usart.o(i.USART_GetFlagStatus)
    USART_GetITStatus                        0x080076c7   Thumb Code    84  stm32f10x_usart.o(i.USART_GetITStatus)
    USART_ITConfig                           0x0800771b   Thumb Code    74  stm32f10x_usart.o(i.USART_ITConfig)
    USART_Init                               0x08007765   Thumb Code   210  stm32f10x_usart.o(i.USART_Init)
    USART_ReceiveData                        0x0800783d   Thumb Code    10  stm32f10x_usart.o(i.USART_ReceiveData)
    USART_SendData                           0x08007847   Thumb Code     8  stm32f10x_usart.o(i.USART_SendData)
    UsageFault_Handler                       0x0800784f   Thumb Code     4  stm32f10x_it.o(i.UsageFault_Handler)
    W25QXX_Init                              0x08007855   Thumb Code    74  w25qxx.o(i.W25QXX_Init)
    W25QXX_Read                              0x080078ad   Thumb Code    74  w25qxx.o(i.W25QXX_Read)
    W25QXX_ReadID                            0x080078fd   Thumb Code    64  w25qxx.o(i.W25QXX_ReadID)
    __ARM_fpclassify                         0x08007945   Thumb Code    40  fpclassify.o(i.__ARM_fpclassify)
    _is_digit                                0x0800796d   Thumb Code    14  __printf_wp.o(i._is_digit)
    _sys_exit                                0x0800797b   Thumb Code     6  usart.o(i._sys_exit)
    delay_init                               0x08007981   Thumb Code    50  delay.o(i.delay_init)
    delay_ms                                 0x080079c5   Thumb Code    72  delay.o(i.delay_ms)
    delay_us                                 0x08007a11   Thumb Code    72  delay.o(i.delay_us)
    font_init                                0x08007a5d   Thumb Code    64  fontupd.o(i.font_init)
    fputc                                    0x08007aa1   Thumb Code    24  usart.o(i.fputc)
    main                                     0x08007abd   Thumb Code  2258  main.o(i.main)
    read_addr                                0x080083ad   Thumb Code     6  usmart.o(i.read_addr)
    uart2_Init                               0x080083b5   Thumb Code   198  rs485.o(i.uart2_Init)
    uart_init                                0x0800848d   Thumb Code   152  usart.o(i.uart_init)
    usart2_Send_Data                         0x0800852d   Thumb Code    72  rs485.o(i.usart2_Send_Data)
    usart3_init                              0x08008581   Thumb Code   192  usart3.o(i.usart3_init)
    usmart_cmd_rec                           0x08008651   Thumb Code   170  usmart.o(i.usmart_cmd_rec)
    usmart_exe                               0x08008701   Thumb Code   632  usmart.o(i.usmart_exe)
    usmart_get_aparm                         0x080089d5   Thumb Code   200  usmart_str.o(i.usmart_get_aparm)
    usmart_get_cmdname                       0x08008a9d   Thumb Code    54  usmart_str.o(i.usmart_get_cmdname)
    usmart_get_fname                         0x08008ad5   Thumb Code   440  usmart_str.o(i.usmart_get_fname)
    usmart_get_fparam                        0x08008c95   Thumb Code   262  usmart_str.o(i.usmart_get_fparam)
    usmart_get_parmpos                       0x08008da1   Thumb Code    26  usmart_str.o(i.usmart_get_parmpos)
    usmart_get_runtime                       0x08008dc1   Thumb Code    60  usmart.o(i.usmart_get_runtime)
    usmart_init                              0x08008e05   Thumb Code    36  usmart.o(i.usmart_init)
    usmart_pow                               0x08008e2d   Thumb Code    22  usmart_str.o(i.usmart_pow)
    usmart_reset_runtime                     0x08008e45   Thumb Code    38  usmart.o(i.usmart_reset_runtime)
    usmart_scan                              0x08008e75   Thumb Code   120  usmart.o(i.usmart_scan)
    usmart_search_nextc                      0x08008f31   Thumb Code    22  usmart_str.o(i.usmart_search_nextc)
    usmart_str2num                           0x08008f47   Thumb Code   202  usmart_str.o(i.usmart_str2num)
    usmart_strcmp                            0x08009011   Thumb Code    34  usmart_str.o(i.usmart_strcmp)
    usmart_strcopy                           0x08009033   Thumb Code    22  usmart_str.o(i.usmart_strcopy)
    usmart_strlen                            0x08009049   Thumb Code    24  usmart_str.o(i.usmart_strlen)
    usmart_sys_cmd_exe                       0x08009061   Thumb Code  1554  usmart.o(i.usmart_sys_cmd_exe)
    write_addr                               0x08009745   Thumb Code     4  usmart.o(i.write_addr)
    _get_lc_numeric                          0x08009749   Thumb Code    44  lc_numeric_c.o(locale$$code)
    __aeabi_d2uiz                            0x08009775   Thumb Code     0  dfixu.o(x$fpl$dfixu)
    _dfixu                                   0x08009775   Thumb Code    90  dfixu.o(x$fpl$dfixu)
    __aeabi_ui2d                             0x080097cf   Thumb Code     0  dflt_clz.o(x$fpl$dfltu)
    _dfltu                                   0x080097cf   Thumb Code    38  dflt_clz.o(x$fpl$dfltu)
    __aeabi_dmul                             0x080097f5   Thumb Code     0  dmul.o(x$fpl$dmul)
    _dmul                                    0x080097f5   Thumb Code   332  dmul.o(x$fpl$dmul)
    __fpl_dnaninf                            0x08009949   Thumb Code   156  dnaninf.o(x$fpl$dnaninf)
    __fpl_dretinf                            0x080099e5   Thumb Code    12  dretinf.o(x$fpl$dretinf)
    __aeabi_f2d                              0x080099f1   Thumb Code     0  f2d.o(x$fpl$f2d)
    _f2d                                     0x080099f1   Thumb Code    86  f2d.o(x$fpl$f2d)
    __aeabi_fadd                             0x08009a49   Thumb Code     0  faddsub_clz.o(x$fpl$fadd)
    _fadd                                    0x08009a49   Thumb Code   196  faddsub_clz.o(x$fpl$fadd)
    __aeabi_fdiv                             0x08009b0d   Thumb Code     0  fdiv.o(x$fpl$fdiv)
    _fdiv                                    0x08009b0d   Thumb Code   384  fdiv.o(x$fpl$fdiv)
    __aeabi_f2uiz                            0x08009c91   Thumb Code     0  ffixu.o(x$fpl$ffixu)
    _ffixu                                   0x08009c91   Thumb Code    62  ffixu.o(x$fpl$ffixu)
    __aeabi_i2f                              0x08009cd1   Thumb Code     0  fflt_clz.o(x$fpl$fflt)
    _fflt                                    0x08009cd1   Thumb Code    48  fflt_clz.o(x$fpl$fflt)
    __aeabi_ui2f                             0x08009d01   Thumb Code     0  fflt_clz.o(x$fpl$ffltu)
    _ffltu                                   0x08009d01   Thumb Code    38  fflt_clz.o(x$fpl$ffltu)
    __aeabi_fmul                             0x08009d29   Thumb Code     0  fmul.o(x$fpl$fmul)
    _fmul                                    0x08009d29   Thumb Code   258  fmul.o(x$fpl$fmul)
    __fpl_fnaninf                            0x08009e2b   Thumb Code   140  fnaninf.o(x$fpl$fnaninf)
    __fpl_fretinf                            0x08009eb7   Thumb Code    10  fretinf.o(x$fpl$fretinf)
    __aeabi_fsub                             0x08009ec1   Thumb Code     0  faddsub_clz.o(x$fpl$fsub)
    _fsub                                    0x08009ec1   Thumb Code   234  faddsub_clz.o(x$fpl$fsub)
    _printf_fp_dec                           0x08009fab   Thumb Code     4  printf1.o(x$fpl$printf1)
    __I$use$fp                               0x08009fae   Number         0  usenofp.o(x$fpl$usenofp)
    asc2_1206                                0x08009fae   Data        1140  lcd.o(.constdata)
    asc2_1608                                0x0800a422   Data        1520  lcd.o(.constdata)
    asc2_2412                                0x0800aa12   Data        3420  lcd.o(.constdata)
    BAUD_id                                  0x0800b770   Data          36  gps.o(.constdata)
    Region$$Table$$Base                      0x0800b938   Number         0  anon$$obj.o(Region$$Table)
    Region$$Table$$Limit                     0x0800b958   Number         0  anon$$obj.o(Region$$Table)
    fixmode_tbl                              0x20000000   Data          16  main.o(.data)
    SystemCoreClock                          0x20000010   Data           4  system_stm32f10x.o(.data)
    AHBPrescTable                            0x20000014   Data          16  system_stm32f10x.o(.data)
    __stdout                                 0x2000003c   Data           4  usart.o(.data)
    USART_RX_STA                             0x20000040   Data           2  usart.o(.data)
    POINT_COLOR                              0x20000042   Data           2  lcd.o(.data)
    BACK_COLOR                               0x20000044   Data           2  lcd.o(.data)
    RS485_RX_CNT                             0x20000046   Data           1  rs485.o(.data)
    USART3_RX_STA                            0x20000048   Data           2  usart3.o(.data)
    W25QXX_TYPE                              0x2000004a   Data           2  w25qxx.o(.data)
    TransferError                            0x20000056   Data           1  sdio_sdcard.o(.data)
    TransferEnd                              0x20000057   Data           1  sdio_sdcard.o(.data)
    tempbuff                                 0x20000058   Data           4  sdio_sdcard.o(.data)
    sys_cmd_tab                              0x2000005c   Data          28  usmart.o(.data)
    usmart_nametab                           0x20000078   Data          40  usmart_config.o(.data)
    usmart_dev                               0x200000a0   Data         244  usmart_config.o(.data)
    USART1_TX_BUF                            0x20000194   Data         600  main.o(.bss)
    gpsx                                     0x200003ec   Data         166  main.o(.bss)
    dtbuf                                    0x20000494   Data          50  main.o(.bss)
    USART_RX_BUF                             0x200004c6   Data         200  usart.o(.bss)
    lcddev                                   0x2000058e   Data          14  lcd.o(.bss)
    RS485_RX_BUF                             0x2000059c   Data          64  rs485.o(.bss)
    USART3_RX_BUF                            0x200005dc   Data         600  usart3.o(.bss)
    USART3_TX_BUF                            0x20000834   Data         600  usart3.o(.bss)
    SDIO_InitStructure                       0x20000a90   Data          24  sdio_sdcard.o(.bss)
    SDIO_CmdInitStructure                    0x20000aa8   Data          20  sdio_sdcard.o(.bss)
    SDIO_DataInitStructure                   0x20000abc   Data          24  sdio_sdcard.o(.bss)
    SDCardInfo                               0x20000af8   Data          88  sdio_sdcard.o(.bss)
    SDIO_DATA_BUFFER                         0x20000b50   Data         512  sdio_sdcard.o(.bss)
    ftinfo                                   0x20000d50   Data          33  fontupd.o(.bss)
    __libspace_start                         0x20000d74   Data          96  libspace.o(.bss)
    __temporary_stack_top$libspace           0x20000dd4   Data           0  libspace.o(.bss)
    mem2base                                 0x68000000   Data       983040  malloc.o(.ARM.__AT_0x68000000)
    mem2mapbase                              0x680f0000   Data       61440  malloc.o(.ARM.__AT_0x680F0000)



==============================================================================

Memory Map of the image

  Image Entry point : 0x08000131

  Load Region LR_IROM1 (Base: 0x08000000, Size: 0x0000bb08, Max: 0x00080000, ABSOLUTE, COMPRESSED[0x0000b9f0])

    Execution Region ER_IROM1 (Exec base: 0x08000000, Load base: 0x08000000, Size: 0x0000b974, Max: 0x00080000, ABSOLUTE)

    Exec Addr    Load Addr    Size         Type   Attr      Idx    E Section Name        Object

    0x08000000   0x08000000   0x00000130   Data   RO          290    RESET               startup_stm32f10x_hd.o
    0x08000130   0x08000130   0x00000008   Code   RO         5277  * !!!main             c_w.l(__main.o)
    0x08000138   0x08000138   0x00000034   Code   RO         5608    !!!scatter          c_w.l(__scatter.o)
    0x0800016c   0x0800016c   0x0000005a   Code   RO         5606    !!dczerorl2         c_w.l(__dczerorl2.o)
    0x080001c6   0x080001c6   0x00000002   PAD
    0x080001c8   0x080001c8   0x0000001c   Code   RO         5610    !!handler_zi        c_w.l(__scatter_zi.o)
    0x080001e4   0x080001e4   0x00000000   Code   RO         5260    .ARM.Collect$$_printf_percent$$00000000  c_w.l(_printf_percent.o)
    0x080001e4   0x080001e4   0x00000006   Code   RO         5259    .ARM.Collect$$_printf_percent$$00000003  c_w.l(_printf_f.o)
    0x080001ea   0x080001ea   0x00000006   Code   RO         5257    .ARM.Collect$$_printf_percent$$00000009  c_w.l(_printf_d.o)
    0x080001f0   0x080001f0   0x00000006   Code   RO         5258    .ARM.Collect$$_printf_percent$$0000000A  c_w.l(_printf_u.o)
    0x080001f6   0x080001f6   0x00000006   Code   RO         5256    .ARM.Collect$$_printf_percent$$0000000C  c_w.l(_printf_x.o)
    0x080001fc   0x080001fc   0x00000006   Code   RO         5254    .ARM.Collect$$_printf_percent$$00000013  c_w.l(_printf_c.o)
    0x08000202   0x08000202   0x00000006   Code   RO         5255    .ARM.Collect$$_printf_percent$$00000014  c_w.l(_printf_s.o)
    0x08000208   0x08000208   0x00000004   Code   RO         5358    .ARM.Collect$$_printf_percent$$00000017  c_w.l(_printf_percent_end.o)
    0x0800020c   0x0800020c   0x00000002   Code   RO         5476    .ARM.Collect$$libinit$$00000000  c_w.l(libinit.o)
    0x0800020e   0x0800020e   0x00000000   Code   RO         5478    .ARM.Collect$$libinit$$00000002  c_w.l(libinit2.o)
    0x0800020e   0x0800020e   0x00000000   Code   RO         5480    .ARM.Collect$$libinit$$00000004  c_w.l(libinit2.o)
    0x0800020e   0x0800020e   0x00000000   Code   RO         5483    .ARM.Collect$$libinit$$0000000A  c_w.l(libinit2.o)
    0x0800020e   0x0800020e   0x00000000   Code   RO         5485    .ARM.Collect$$libinit$$0000000C  c_w.l(libinit2.o)
    0x0800020e   0x0800020e   0x00000000   Code   RO         5487    .ARM.Collect$$libinit$$0000000E  c_w.l(libinit2.o)
    0x0800020e   0x0800020e   0x00000006   Code   RO         5488    .ARM.Collect$$libinit$$0000000F  c_w.l(libinit2.o)
    0x08000214   0x08000214   0x00000000   Code   RO         5490    .ARM.Collect$$libinit$$00000011  c_w.l(libinit2.o)
    0x08000214   0x08000214   0x00000000   Code   RO         5492    .ARM.Collect$$libinit$$00000013  c_w.l(libinit2.o)
    0x08000214   0x08000214   0x00000000   Code   RO         5494    .ARM.Collect$$libinit$$00000015  c_w.l(libinit2.o)
    0x08000214   0x08000214   0x0000000a   Code   RO         5495    .ARM.Collect$$libinit$$00000016  c_w.l(libinit2.o)
    0x0800021e   0x0800021e   0x00000000   Code   RO         5496    .ARM.Collect$$libinit$$00000017  c_w.l(libinit2.o)
    0x0800021e   0x0800021e   0x00000000   Code   RO         5498    .ARM.Collect$$libinit$$00000019  c_w.l(libinit2.o)
    0x0800021e   0x0800021e   0x00000000   Code   RO         5500    .ARM.Collect$$libinit$$0000001B  c_w.l(libinit2.o)
    0x0800021e   0x0800021e   0x00000000   Code   RO         5502    .ARM.Collect$$libinit$$0000001D  c_w.l(libinit2.o)
    0x0800021e   0x0800021e   0x00000000   Code   RO         5504    .ARM.Collect$$libinit$$0000001F  c_w.l(libinit2.o)
    0x0800021e   0x0800021e   0x00000000   Code   RO         5506    .ARM.Collect$$libinit$$00000021  c_w.l(libinit2.o)
    0x0800021e   0x0800021e   0x00000000   Code   RO         5508    .ARM.Collect$$libinit$$00000023  c_w.l(libinit2.o)
    0x0800021e   0x0800021e   0x00000000   Code   RO         5510    .ARM.Collect$$libinit$$00000025  c_w.l(libinit2.o)
    0x0800021e   0x0800021e   0x00000000   Code   RO         5514    .ARM.Collect$$libinit$$0000002C  c_w.l(libinit2.o)
    0x0800021e   0x0800021e   0x00000000   Code   RO         5516    .ARM.Collect$$libinit$$0000002E  c_w.l(libinit2.o)
    0x0800021e   0x0800021e   0x00000000   Code   RO         5518    .ARM.Collect$$libinit$$00000030  c_w.l(libinit2.o)
    0x0800021e   0x0800021e   0x00000000   Code   RO         5520    .ARM.Collect$$libinit$$00000032  c_w.l(libinit2.o)
    0x0800021e   0x0800021e   0x00000002   Code   RO         5521    .ARM.Collect$$libinit$$00000033  c_w.l(libinit2.o)
    0x08000220   0x08000220   0x00000002   Code   RO         5566    .ARM.Collect$$libshutdown$$00000000  c_w.l(libshutdown.o)
    0x08000222   0x08000222   0x00000000   Code   RO         5575    .ARM.Collect$$libshutdown$$00000002  c_w.l(libshutdown2.o)
    0x08000222   0x08000222   0x00000000   Code   RO         5577    .ARM.Collect$$libshutdown$$00000004  c_w.l(libshutdown2.o)
    0x08000222   0x08000222   0x00000000   Code   RO         5580    .ARM.Collect$$libshutdown$$00000007  c_w.l(libshutdown2.o)
    0x08000222   0x08000222   0x00000000   Code   RO         5583    .ARM.Collect$$libshutdown$$0000000A  c_w.l(libshutdown2.o)
    0x08000222   0x08000222   0x00000000   Code   RO         5585    .ARM.Collect$$libshutdown$$0000000C  c_w.l(libshutdown2.o)
    0x08000222   0x08000222   0x00000000   Code   RO         5588    .ARM.Collect$$libshutdown$$0000000F  c_w.l(libshutdown2.o)
    0x08000222   0x08000222   0x00000002   Code   RO         5589    .ARM.Collect$$libshutdown$$00000010  c_w.l(libshutdown2.o)
    0x08000224   0x08000224   0x00000000   Code   RO         5321    .ARM.Collect$$rtentry$$00000000  c_w.l(__rtentry.o)
    0x08000224   0x08000224   0x00000000   Code   RO         5388    .ARM.Collect$$rtentry$$00000002  c_w.l(__rtentry2.o)
    0x08000224   0x08000224   0x00000006   Code   RO         5400    .ARM.Collect$$rtentry$$00000004  c_w.l(__rtentry4.o)
    0x0800022a   0x0800022a   0x00000000   Code   RO         5390    .ARM.Collect$$rtentry$$00000009  c_w.l(__rtentry2.o)
    0x0800022a   0x0800022a   0x00000004   Code   RO         5391    .ARM.Collect$$rtentry$$0000000A  c_w.l(__rtentry2.o)
    0x0800022e   0x0800022e   0x00000000   Code   RO         5393    .ARM.Collect$$rtentry$$0000000C  c_w.l(__rtentry2.o)
    0x0800022e   0x0800022e   0x00000008   Code   RO         5394    .ARM.Collect$$rtentry$$0000000D  c_w.l(__rtentry2.o)
    0x08000236   0x08000236   0x00000002   Code   RO         5522    .ARM.Collect$$rtexit$$00000000  c_w.l(rtexit.o)
    0x08000238   0x08000238   0x00000000   Code   RO         5536    .ARM.Collect$$rtexit$$00000002  c_w.l(rtexit2.o)
    0x08000238   0x08000238   0x00000004   Code   RO         5537    .ARM.Collect$$rtexit$$00000003  c_w.l(rtexit2.o)
    0x0800023c   0x0800023c   0x00000006   Code   RO         5538    .ARM.Collect$$rtexit$$00000004  c_w.l(rtexit2.o)
    0x08000242   0x08000242   0x00000002   PAD
    0x08000244   0x08000244   0x00000040   Code   RO          291    .text               startup_stm32f10x_hd.o
    0x08000284   0x08000284   0x00000002   Code   RO         5191    .text               c_w.l(use_no_semi_2.o)
    0x08000286   0x08000286   0x00000002   PAD
    0x08000288   0x08000288   0x00000018   Code   RO         5197    .text               c_w.l(__2printf.o)
    0x080002a0   0x080002a0   0x0000002c   Code   RO         5199    .text               c_w.l(__2sprintf.o)
    0x080002cc   0x080002cc   0x0000004e   Code   RO         5207    .text               c_w.l(_printf_pad.o)
    0x0800031a   0x0800031a   0x00000052   Code   RO         5209    .text               c_w.l(_printf_str.o)
    0x0800036c   0x0800036c   0x00000078   Code   RO         5211    .text               c_w.l(_printf_dec.o)
    0x080003e4   0x080003e4   0x00000094   Code   RO         5231    .text               c_w.l(_printf_hex_int_ll_ptr.o)
    0x08000478   0x08000478   0x00000188   Code   RO         5251    .text               c_w.l(__printf_flags_ss_wp.o)
    0x08000600   0x08000600   0x00000024   Code   RO         5261    .text               c_w.l(strstr.o)
    0x08000624   0x08000624   0x0000004e   Code   RO         5271    .text               c_w.l(rt_memclr_w.o)
    0x08000672   0x08000672   0x00000002   PAD
    0x08000674   0x08000674   0x00000080   Code   RO         5273    .text               c_w.l(strcmpv7m.o)
    0x080006f4   0x080006f4   0x00000006   Code   RO         5275    .text               c_w.l(heapauxi.o)
    0x080006fa   0x080006fa   0x00000002   Code   RO         5319    .text               c_w.l(use_no_semi.o)
    0x080006fc   0x080006fc   0x000000b2   Code   RO         5326    .text               c_w.l(_printf_intcommon.o)
    0x080007ae   0x080007ae   0x0000041e   Code   RO         5330    .text               c_w.l(_printf_fp_dec.o)
    0x08000bcc   0x08000bcc   0x00000030   Code   RO         5332    .text               c_w.l(_printf_char_common.o)
    0x08000bfc   0x08000bfc   0x0000000a   Code   RO         5334    .text               c_w.l(_sputc.o)
    0x08000c06   0x08000c06   0x0000002c   Code   RO         5336    .text               c_w.l(_printf_char.o)
    0x08000c32   0x08000c32   0x00000002   PAD
    0x08000c34   0x08000c34   0x00000024   Code   RO         5338    .text               c_w.l(_printf_char_file.o)
    0x08000c58   0x08000c58   0x00000008   Code   RO         5409    .text               c_w.l(rt_locale_intlibspace.o)
    0x08000c60   0x08000c60   0x0000008a   Code   RO         5411    .text               c_w.l(lludiv10.o)
    0x08000cea   0x08000cea   0x00000002   PAD
    0x08000cec   0x08000cec   0x00000080   Code   RO         5416    .text               c_w.l(_printf_fp_infnan.o)
    0x08000d6c   0x08000d6c   0x000000e4   Code   RO         5422    .text               c_w.l(bigflt0.o)
    0x08000e50   0x08000e50   0x00000008   Code   RO         5447    .text               c_w.l(ferror.o)
    0x08000e58   0x08000e58   0x00000008   Code   RO         5460    .text               c_w.l(libspace.o)
    0x08000e60   0x08000e60   0x0000004a   Code   RO         5463    .text               c_w.l(sys_stackheap_outer.o)
    0x08000eaa   0x08000eaa   0x00000012   Code   RO         5469    .text               c_w.l(exit.o)
    0x08000ebc   0x08000ebc   0x0000003e   Code   RO         5425    CL$$btod_d2e        c_w.l(btod.o)
    0x08000efa   0x08000efa   0x00000046   Code   RO         5427    CL$$btod_d2e_denorm_low  c_w.l(btod.o)
    0x08000f40   0x08000f40   0x00000060   Code   RO         5426    CL$$btod_d2e_norm_op1  c_w.l(btod.o)
    0x08000fa0   0x08000fa0   0x00000338   Code   RO         5435    CL$$btod_div_common  c_w.l(btod.o)
    0x080012d8   0x080012d8   0x000000dc   Code   RO         5432    CL$$btod_e2e        c_w.l(btod.o)
    0x080013b4   0x080013b4   0x0000002a   Code   RO         5429    CL$$btod_ediv       c_w.l(btod.o)
    0x080013de   0x080013de   0x0000002a   Code   RO         5428    CL$$btod_emul       c_w.l(btod.o)
    0x08001408   0x08001408   0x00000244   Code   RO         5434    CL$$btod_mult_common  c_w.l(btod.o)
    0x0800164c   0x0800164c   0x00000004   Code   RO          180    i.BusFault_Handler  stm32f10x_it.o
    0x08001650   0x08001650   0x00000060   Code   RO         3991    i.CmdResp1Error     sdio_sdcard.o
    0x080016b0   0x080016b0   0x00000002   Code   RO          181    i.DebugMon_Handler  stm32f10x_it.o
    0x080016b2   0x080016b2   0x00000002   PAD
    0x080016b4   0x080016b4   0x00000034   Code   RO         1357    i.FSMC_NORSRAMCmd   stm32f10x_fsmc.o
    0x080016e8   0x080016e8   0x000000e6   Code   RO         1359    i.FSMC_NORSRAMInit  stm32f10x_fsmc.o
    0x080017ce   0x080017ce   0x00000116   Code   RO         1472    i.GPIO_Init         stm32f10x_gpio.o
    0x080018e4   0x080018e4   0x00000004   Code   RO         1480    i.GPIO_SetBits      stm32f10x_gpio.o
    0x080018e8   0x080018e8   0x00000038   Code   RO         3707    i.GPS_Analysis      gps.o
    0x08001920   0x08001920   0x000000e0   Code   RO         4404    i.Get_HzMat         text.o
    0x08001a00   0x08001a00   0x00000334   Code   RO            2    i.Gps_Msg_Show      main.o
    0x08001d34   0x08001d34   0x00000004   Code   RO          182    i.HardFault_Handler  stm32f10x_it.o
    0x08001d38   0x08001d38   0x00000060   Code   RO            3    i.HexToAscii        main.o
    0x08001d98   0x08001d98   0x0000006c   Code   RO         3403    i.LCD_Clear         lcd.o
    0x08001e04   0x08001e04   0x000001c0   Code   RO         3407    i.LCD_Display_Dir   lcd.o
    0x08001fc4   0x08001fc4   0x0000017c   Code   RO         3412    i.LCD_Fast_DrawPoint  lcd.o
    0x08002140   0x08002140   0x000000bc   Code   RO         3413    i.LCD_Fill          lcd.o
    0x080021fc   0x080021fc   0x00003774   Code   RO         3414    i.LCD_Init          lcd.o
    0x08005970   0x08005970   0x00000016   Code   RO         3415    i.LCD_Pow           lcd.o
    0x08005986   0x08005986   0x00000002   PAD
    0x08005988   0x08005988   0x00000014   Code   RO         3416    i.LCD_RD_DATA       lcd.o
    0x0800599c   0x0800599c   0x00000016   Code   RO         3418    i.LCD_ReadReg       lcd.o
    0x080059b2   0x080059b2   0x00000002   PAD
    0x080059b4   0x080059b4   0x00000054   Code   RO         3419    i.LCD_SSD_BackLightSet  lcd.o
    0x08005a08   0x08005a08   0x000002ec   Code   RO         3420    i.LCD_Scan_Dir      lcd.o
    0x08005cf4   0x08005cf4   0x000001a8   Code   RO         3421    i.LCD_SetCursor     lcd.o
    0x08005e9c   0x08005e9c   0x00000128   Code   RO         3423    i.LCD_ShowChar      lcd.o
    0x08005fc4   0x08005fc4   0x00000066   Code   RO         3425    i.LCD_ShowString    lcd.o
    0x0800602a   0x0800602a   0x000000be   Code   RO         3426    i.LCD_ShowxNum      lcd.o
    0x080060e8   0x080060e8   0x0000000c   Code   RO         3427    i.LCD_WR_DATA       lcd.o
    0x080060f4   0x080060f4   0x0000000c   Code   RO         3428    i.LCD_WR_REG        lcd.o
    0x08006100   0x08006100   0x00000014   Code   RO         3430    i.LCD_WriteRAM_Prepare  lcd.o
    0x08006114   0x08006114   0x00000010   Code   RO         3431    i.LCD_WriteReg      lcd.o
    0x08006124   0x08006124   0x0000004c   Code   RO         3613    i.LED_Init          led.o
    0x08006170   0x08006170   0x00000004   Code   RO          183    i.MemManage_Handler  stm32f10x_it.o
    0x08006174   0x08006174   0x00000134   Code   RO         3708    i.NMEA_BDGSV_Analysis  gps.o
    0x080062a8   0x080062a8   0x00000032   Code   RO         3709    i.NMEA_Comma_Pos    gps.o
    0x080062da   0x080062da   0x00000002   PAD
    0x080062dc   0x080062dc   0x00000068   Code   RO         3710    i.NMEA_GNGGA_Analysis  gps.o
    0x08006344   0x08006344   0x000000b8   Code   RO         3711    i.NMEA_GNGSA_Analysis  gps.o
    0x080063fc   0x080063fc   0x00000224   Code   RO         3712    i.NMEA_GNRMC_Analysis  gps.o
    0x08006620   0x08006620   0x00000058   Code   RO         3713    i.NMEA_GNVTG_Analysis  gps.o
    0x08006678   0x08006678   0x0000012c   Code   RO         3714    i.NMEA_GPGSV_Analysis  gps.o
    0x080067a4   0x080067a4   0x00000016   Code   RO         3715    i.NMEA_Pow          gps.o
    0x080067ba   0x080067ba   0x000000ea   Code   RO         3716    i.NMEA_Str2num      gps.o
    0x080068a4   0x080068a4   0x00000002   Code   RO          184    i.NMI_Handler       stm32f10x_it.o
    0x080068a6   0x080068a6   0x00000002   PAD
    0x080068a8   0x080068a8   0x00000070   Code   RO          295    i.NVIC_Init         misc.o
    0x08006918   0x08006918   0x00000014   Code   RO          296    i.NVIC_PriorityGroupConfig  misc.o
    0x0800692c   0x0800692c   0x00000002   Code   RO          185    i.PendSV_Handler    stm32f10x_it.o
    0x0800692e   0x0800692e   0x00000002   PAD
    0x08006930   0x08006930   0x00000020   Code   RO         1887    i.RCC_AHBPeriphClockCmd  stm32f10x_rcc.o
    0x08006950   0x08006950   0x00000020   Code   RO         1888    i.RCC_APB1PeriphClockCmd  stm32f10x_rcc.o
    0x08006970   0x08006970   0x00000020   Code   RO         1889    i.RCC_APB1PeriphResetCmd  stm32f10x_rcc.o
    0x08006990   0x08006990   0x00000020   Code   RO         1890    i.RCC_APB2PeriphClockCmd  stm32f10x_rcc.o
    0x080069b0   0x080069b0   0x00000020   Code   RO         1891    i.RCC_APB2PeriphResetCmd  stm32f10x_rcc.o
    0x080069d0   0x080069d0   0x000000d4   Code   RO         1898    i.RCC_GetClocksFreq  stm32f10x_rcc.o
    0x08006aa4   0x08006aa4   0x0000000c   Code   RO         2177    i.SDIO_ClearFlag    stm32f10x_sdio.o
    0x08006ab0   0x08006ab0   0x00000018   Code   RO         2189    i.SDIO_GetFlagStatus  stm32f10x_sdio.o
    0x08006ac8   0x08006ac8   0x00000008   Code   RO         4000    i.SDIO_IRQHandler   sdio_sdcard.o
    0x08006ad0   0x08006ad0   0x0000002c   Code   RO         2197    i.SDIO_SendCommand  stm32f10x_sdio.o
    0x08006afc   0x08006afc   0x0000013c   Code   RO         4009    i.SD_ProcessIRQSrc  sdio_sdcard.o
    0x08006c38   0x08006c38   0x00000094   Code   RO         4193    i.SPI2_Init         spi.o
    0x08006ccc   0x08006ccc   0x00000054   Code   RO         4194    i.SPI2_ReadWriteByte  spi.o
    0x08006d20   0x08006d20   0x00000028   Code   RO         4195    i.SPI2_SetSpeed     spi.o
    0x08006d48   0x08006d48   0x00000018   Code   RO         2367    i.SPI_Cmd           stm32f10x_spi.o
    0x08006d60   0x08006d60   0x00000012   Code   RO         2375    i.SPI_I2S_GetFlagStatus  stm32f10x_spi.o
    0x08006d72   0x08006d72   0x00000006   Code   RO         2378    i.SPI_I2S_ReceiveData  stm32f10x_spi.o
    0x08006d78   0x08006d78   0x00000004   Code   RO         2379    i.SPI_I2S_SendData  stm32f10x_spi.o
    0x08006d7c   0x08006d7c   0x0000003c   Code   RO         2380    i.SPI_Init          stm32f10x_spi.o
    0x08006db8   0x08006db8   0x00000002   Code   RO          186    i.SVC_Handler       stm32f10x_it.o
    0x08006dba   0x08006dba   0x00000008   Code   RO          243    i.SetSysClock       system_stm32f10x.o
    0x08006dc2   0x08006dc2   0x00000002   PAD
    0x08006dc4   0x08006dc4   0x000000e0   Code   RO          244    i.SetSysClockTo72   system_stm32f10x.o
    0x08006ea4   0x08006ea4   0x000000c8   Code   RO         4405    i.Show_Font         text.o
    0x08006f6c   0x08006f6c   0x000000c2   Code   RO         4406    i.Show_Str          text.o
    0x0800702e   0x0800702e   0x00000002   PAD
    0x08007030   0x08007030   0x0000006c   Code   RO         3717    i.SkyTra_Cfg_Ack_Check  gps.o
    0x0800709c   0x0800709c   0x00000060   Code   RO         3718    i.SkyTra_Cfg_Prt    gps.o
    0x080070fc   0x080070fc   0x00000040   Code   RO         3719    i.SkyTra_Cfg_Rate   gps.o
    0x0800713c   0x0800713c   0x00000084   Code   RO         3720    i.SkyTra_Cfg_Tp     gps.o
    0x080071c0   0x080071c0   0x0000002c   Code   RO         3721    i.SkyTra_Send_Date  gps.o
    0x080071ec   0x080071ec   0x00000028   Code   RO          299    i.SysTick_CLKSourceConfig  misc.o
    0x08007214   0x08007214   0x00000002   Code   RO          187    i.SysTick_Handler   stm32f10x_it.o
    0x08007216   0x08007216   0x00000002   PAD
    0x08007218   0x08007218   0x00000060   Code   RO          246    i.SystemInit        system_stm32f10x.o
    0x08007278   0x08007278   0x00000038   Code   RO         4232    i.TIM4_IRQHandler   usmart.o
    0x080072b0   0x080072b0   0x00000034   Code   RO         3861    i.TIM7_IRQHandler   timer.o
    0x080072e4   0x080072e4   0x00000060   Code   RO         3862    i.TIM7_Int_Init     timer.o
    0x08007344   0x08007344   0x00000006   Code   RO         2516    i.TIM_ClearFlag     stm32f10x_tim.o
    0x0800734a   0x0800734a   0x00000006   Code   RO         2517    i.TIM_ClearITPendingBit  stm32f10x_tim.o
    0x08007350   0x08007350   0x00000018   Code   RO         2522    i.TIM_Cmd           stm32f10x_tim.o
    0x08007368   0x08007368   0x00000006   Code   RO         2541    i.TIM_GetCounter    stm32f10x_tim.o
    0x0800736e   0x0800736e   0x00000012   Code   RO         2542    i.TIM_GetFlagStatus  stm32f10x_tim.o
    0x08007380   0x08007380   0x00000022   Code   RO         2543    i.TIM_GetITStatus   stm32f10x_tim.o
    0x080073a2   0x080073a2   0x00000012   Code   RO         2547    i.TIM_ITConfig      stm32f10x_tim.o
    0x080073b4   0x080073b4   0x00000004   Code   RO         2581    i.TIM_SetAutoreload  stm32f10x_tim.o
    0x080073b8   0x080073b8   0x00000004   Code   RO         2587    i.TIM_SetCounter    stm32f10x_tim.o
    0x080073bc   0x080073bc   0x000000a4   Code   RO         2593    i.TIM_TimeBaseInit  stm32f10x_tim.o
    0x08007460   0x08007460   0x0000005c   Code   RO         4233    i.Timer4_Init       usmart.o
    0x080074bc   0x080074bc   0x00000088   Code   RO         3342    i.USART1_IRQHandler  usart.o
    0x08007544   0x08007544   0x00000044   Code   RO         3671    i.USART2_IRQHandler  rs485.o
    0x08007588   0x08007588   0x00000070   Code   RO         3827    i.USART3_IRQHandler  usart3.o
    0x080075f8   0x080075f8   0x00000018   Code   RO         3058    i.USART_Cmd         stm32f10x_usart.o
    0x08007610   0x08007610   0x0000009c   Code   RO         3060    i.USART_DeInit      stm32f10x_usart.o
    0x080076ac   0x080076ac   0x0000001a   Code   RO         3061    i.USART_GetFlagStatus  stm32f10x_usart.o
    0x080076c6   0x080076c6   0x00000054   Code   RO         3062    i.USART_GetITStatus  stm32f10x_usart.o
    0x0800771a   0x0800771a   0x0000004a   Code   RO         3064    i.USART_ITConfig    stm32f10x_usart.o
    0x08007764   0x08007764   0x000000d8   Code   RO         3065    i.USART_Init        stm32f10x_usart.o
    0x0800783c   0x0800783c   0x0000000a   Code   RO         3072    i.USART_ReceiveData  stm32f10x_usart.o
    0x08007846   0x08007846   0x00000008   Code   RO         3075    i.USART_SendData    stm32f10x_usart.o
    0x0800784e   0x0800784e   0x00000004   Code   RO          188    i.UsageFault_Handler  stm32f10x_it.o
    0x08007852   0x08007852   0x00000002   PAD
    0x08007854   0x08007854   0x00000058   Code   RO         3882    i.W25QXX_Init       w25qxx.o
    0x080078ac   0x080078ac   0x00000050   Code   RO         3884    i.W25QXX_Read       w25qxx.o
    0x080078fc   0x080078fc   0x00000048   Code   RO         3885    i.W25QXX_ReadID     w25qxx.o
    0x08007944   0x08007944   0x00000028   Code   RO         5458    i.__ARM_fpclassify  m_ws.l(fpclassify.o)
    0x0800796c   0x0800796c   0x0000000e   Code   RO         5244    i._is_digit         c_w.l(__printf_wp.o)
    0x0800797a   0x0800797a   0x00000006   Code   RO         3343    i._sys_exit         usart.o
    0x08007980   0x08007980   0x00000044   Code   RO         3288    i.delay_init        delay.o
    0x080079c4   0x080079c4   0x0000004c   Code   RO         3289    i.delay_ms          delay.o
    0x08007a10   0x08007a10   0x0000004c   Code   RO         3290    i.delay_us          delay.o
    0x08007a5c   0x08007a5c   0x00000044   Code   RO         4450    i.font_init         fontupd.o
    0x08007aa0   0x08007aa0   0x0000001c   Code   RO         3344    i.fputc             usart.o
    0x08007abc   0x08007abc   0x000008f0   Code   RO            4    i.main              main.o
    0x080083ac   0x080083ac   0x00000006   Code   RO         4234    i.read_addr         usmart.o
    0x080083b2   0x080083b2   0x00000002   PAD
    0x080083b4   0x080083b4   0x000000d8   Code   RO         3672    i.uart2_Init        rs485.o
    0x0800848c   0x0800848c   0x000000a0   Code   RO         3345    i.uart_init         usart.o
    0x0800852c   0x0800852c   0x00000054   Code   RO         3673    i.usart2_Send_Data  rs485.o
    0x08008580   0x08008580   0x000000d0   Code   RO         3829    i.usart3_init       usart3.o
    0x08008650   0x08008650   0x000000b0   Code   RO         4235    i.usmart_cmd_rec    usmart.o
    0x08008700   0x08008700   0x000002d4   Code   RO         4236    i.usmart_exe        usmart.o
    0x080089d4   0x080089d4   0x000000c8   Code   RO         4332    i.usmart_get_aparm  usmart_str.o
    0x08008a9c   0x08008a9c   0x00000036   Code   RO         4333    i.usmart_get_cmdname  usmart_str.o
    0x08008ad2   0x08008ad2   0x00000002   PAD
    0x08008ad4   0x08008ad4   0x000001c0   Code   RO         4334    i.usmart_get_fname  usmart_str.o
    0x08008c94   0x08008c94   0x0000010c   Code   RO         4335    i.usmart_get_fparam  usmart_str.o
    0x08008da0   0x08008da0   0x00000020   Code   RO         4336    i.usmart_get_parmpos  usmart_str.o
    0x08008dc0   0x08008dc0   0x00000044   Code   RO         4237    i.usmart_get_runtime  usmart.o
    0x08008e04   0x08008e04   0x00000028   Code   RO         4238    i.usmart_init       usmart.o
    0x08008e2c   0x08008e2c   0x00000016   Code   RO         4337    i.usmart_pow        usmart_str.o
    0x08008e42   0x08008e42   0x00000002   PAD
    0x08008e44   0x08008e44   0x00000030   Code   RO         4239    i.usmart_reset_runtime  usmart.o
    0x08008e74   0x08008e74   0x000000bc   Code   RO         4240    i.usmart_scan       usmart.o
    0x08008f30   0x08008f30   0x00000016   Code   RO         4338    i.usmart_search_nextc  usmart_str.o
    0x08008f46   0x08008f46   0x000000ca   Code   RO         4339    i.usmart_str2num    usmart_str.o
    0x08009010   0x08009010   0x00000022   Code   RO         4340    i.usmart_strcmp     usmart_str.o
    0x08009032   0x08009032   0x00000016   Code   RO         4341    i.usmart_strcopy    usmart_str.o
    0x08009048   0x08009048   0x00000018   Code   RO         4342    i.usmart_strlen     usmart_str.o
    0x08009060   0x08009060   0x000006e4   Code   RO         4241    i.usmart_sys_cmd_exe  usmart.o
    0x08009744   0x08009744   0x00000004   Code   RO         4242    i.write_addr        usmart.o
    0x08009748   0x08009748   0x0000002c   Code   RO         5454    locale$$code        c_w.l(lc_numeric_c.o)
    0x08009774   0x08009774   0x0000005a   Code   RO         5279    x$fpl$dfixu         fz_ws.l(dfixu.o)
    0x080097ce   0x080097ce   0x00000026   Code   RO         5283    x$fpl$dfltu         fz_ws.l(dflt_clz.o)
    0x080097f4   0x080097f4   0x00000154   Code   RO         5289    x$fpl$dmul          fz_ws.l(dmul.o)
    0x08009948   0x08009948   0x0000009c   Code   RO         5370    x$fpl$dnaninf       fz_ws.l(dnaninf.o)
    0x080099e4   0x080099e4   0x0000000c   Code   RO         5372    x$fpl$dretinf       fz_ws.l(dretinf.o)
    0x080099f0   0x080099f0   0x00000056   Code   RO         5291    x$fpl$f2d           fz_ws.l(f2d.o)
    0x08009a46   0x08009a46   0x00000002   PAD
    0x08009a48   0x08009a48   0x000000c4   Code   RO         5293    x$fpl$fadd          fz_ws.l(faddsub_clz.o)
    0x08009b0c   0x08009b0c   0x00000184   Code   RO         5300    x$fpl$fdiv          fz_ws.l(fdiv.o)
    0x08009c90   0x08009c90   0x0000003e   Code   RO         5305    x$fpl$ffixu         fz_ws.l(ffixu.o)
    0x08009cce   0x08009cce   0x00000002   PAD
    0x08009cd0   0x08009cd0   0x00000030   Code   RO         5310    x$fpl$fflt          fz_ws.l(fflt_clz.o)
    0x08009d00   0x08009d00   0x00000026   Code   RO         5309    x$fpl$ffltu         fz_ws.l(fflt_clz.o)
    0x08009d26   0x08009d26   0x00000002   PAD
    0x08009d28   0x08009d28   0x00000102   Code   RO         5315    x$fpl$fmul          fz_ws.l(fmul.o)
    0x08009e2a   0x08009e2a   0x0000008c   Code   RO         5376    x$fpl$fnaninf       fz_ws.l(fnaninf.o)
    0x08009eb6   0x08009eb6   0x0000000a   Code   RO         5378    x$fpl$fretinf       fz_ws.l(fretinf.o)
    0x08009ec0   0x08009ec0   0x000000ea   Code   RO         5295    x$fpl$fsub          fz_ws.l(faddsub_clz.o)
    0x08009faa   0x08009faa   0x00000004   Code   RO         5317    x$fpl$printf1       fz_ws.l(printf1.o)
    0x08009fae   0x08009fae   0x00000000   Code   RO         5386    x$fpl$usenofp       fz_ws.l(usenofp.o)
    0x08009fae   0x08009fae   0x000017c0   Data   RO         3434    .constdata          lcd.o
    0x0800b76e   0x0800b76e   0x00000002   PAD
    0x0800b770   0x0800b770   0x00000024   Data   RO         3722    .constdata          gps.o
    0x0800b794   0x0800b794   0x00000028   Data   RO         5232    .constdata          c_w.l(_printf_hex_int_ll_ptr.o)
    0x0800b7bc   0x0800b7bc   0x00000011   Data   RO         5252    .constdata          c_w.l(__printf_flags_ss_wp.o)
    0x0800b7cd   0x0800b7cd   0x00000003   PAD
    0x0800b7d0   0x0800b7d0   0x00000094   Data   RO         5423    .constdata          c_w.l(bigflt0.o)
    0x0800b864   0x0800b864   0x00000015   Data   RO            6    .conststring        main.o
    0x0800b879   0x0800b879   0x00000003   PAD
    0x0800b87c   0x0800b87c   0x00000028   Data   RO         4243    .conststring        usmart.o
    0x0800b8a4   0x0800b8a4   0x00000094   Data   RO         4319    .conststring        usmart_config.o
    0x0800b938   0x0800b938   0x00000020   Data   RO         5604    Region$$Table       anon$$obj.o
    0x0800b958   0x0800b958   0x0000001c   Data   RO         5453    locale$$data        c_w.l(lc_numeric_c.o)


    Execution Region RW_IRAM1 (Exec base: 0x20000000, Load base: 0x0800b974, Size: 0x000013d8, Max: 0x00010000, ABSOLUTE, COMPRESSED[0x0000007c])

    Exec Addr    Load Addr    Size         Type   Attr      Idx    E Section Name        Object

    0x20000000   COMPRESSED   0x00000010   Data   RW            7    .data               main.o
    0x20000010   COMPRESSED   0x00000014   Data   RW          247    .data               system_stm32f10x.o
    0x20000024   COMPRESSED   0x00000014   Data   RW         1918    .data               stm32f10x_rcc.o
    0x20000038   COMPRESSED   0x00000004   Data   RW         3291    .data               delay.o
    0x2000003c   COMPRESSED   0x00000006   Data   RW         3347    .data               usart.o
    0x20000042   COMPRESSED   0x00000004   Data   RW         3435    .data               lcd.o
    0x20000046   COMPRESSED   0x00000001   Data   RW         3675    .data               rs485.o
    0x20000047   COMPRESSED   0x00000001   PAD
    0x20000048   COMPRESSED   0x00000002   Data   RW         3831    .data               usart3.o
    0x2000004a   COMPRESSED   0x00000002   Data   RW         3896    .data               w25qxx.o
    0x2000004c   COMPRESSED   0x00000010   Data   RW         4021    .data               sdio_sdcard.o
    0x2000005c   COMPRESSED   0x0000001c   Data   RW         4244    .data               usmart.o
    0x20000078   COMPRESSED   0x0000011c   Data   RW         4320    .data               usmart_config.o
    0x20000194        -       0x00000332   Zero   RW            5    .bss                main.o
    0x200004c6        -       0x000000c8   Zero   RW         3346    .bss                usart.o
    0x2000058e        -       0x0000000e   Zero   RW         3433    .bss                lcd.o
    0x2000059c        -       0x00000040   Zero   RW         3674    .bss                rs485.o
    0x200005dc        -       0x000004b0   Zero   RW         3830    .bss                usart3.o
    0x20000a8c   COMPRESSED   0x00000004   PAD
    0x20000a90        -       0x000002c0   Zero   RW         4020    .bss                sdio_sdcard.o
    0x20000d50        -       0x00000021   Zero   RW         4454    .bss                fontupd.o
    0x20000d71   COMPRESSED   0x00000003   PAD
    0x20000d74        -       0x00000060   Zero   RW         5461    .bss                c_w.l(libspace.o)
    0x20000dd4   COMPRESSED   0x00000004   PAD
    0x20000dd8        -       0x00000200   Zero   RW          289    HEAP                startup_stm32f10x_hd.o
    0x20000fd8        -       0x00000400   Zero   RW          288    STACK               startup_stm32f10x_hd.o



  Load Region LR$$.ARM.__AT_0x68000000 (Base: 0x68000000, Size: 0x00000000, Max: 0x000f0000, ABSOLUTE)

    Execution Region ER$$.ARM.__AT_0x68000000 (Exec base: 0x68000000, Load base: 0x68000000, Size: 0x000f0000, Max: 0x000f0000, ABSOLUTE, UNINIT)

    Exec Addr    Load Addr    Size         Type   Attr      Idx    E Section Name        Object

    0x68000000        -       0x000f0000   Zero   RW         5128    .ARM.__AT_0x68000000  malloc.o



  Load Region LR$$.ARM.__AT_0x680F0000 (Base: 0x680f0000, Size: 0x00000000, Max: 0x0000f000, ABSOLUTE)

    Execution Region ER$$.ARM.__AT_0x680F0000 (Exec base: 0x680f0000, Load base: 0x680f0000, Size: 0x0000f000, Max: 0x0000f000, ABSOLUTE, UNINIT)

    Exec Addr    Load Addr    Size         Type   Attr      Idx    E Section Name        Object

    0x680f0000        -       0x0000f000   Zero   RW         5129    .ARM.__AT_0x680F0000  malloc.o


==============================================================================

Image component sizes


      Code (inc. data)   RO Data    RW Data    ZI Data      Debug   Object Name

         0          0          0          0          0         32   core_cm3.o
       220         26          0          4          0       1595   delay.o
        68          4          0          0         33       5073   fontupd.o
      2338         90         36          0          0      13109   gps.o
     17288        194       6080          4         14      22123   lcd.o
        76          8          0          0          0        467   led.o
      3204        572         21         16        818     280354   main.o
         0          0          0          0    1044480       1589   malloc.o
       172         22          0          0          0     206773   misc.o
       368         48          0          1         64       2500   rs485.o
       420         26          0         16        704      11374   sdio_sdcard.o
       272         18          0          0          0       1689   spi.o
        64         26        304          0       1536        772   startup_stm32f10x_hd.o
       282          6          0          0          0       1841   stm32f10x_fsmc.o
       282          0          0          0          0       2523   stm32f10x_gpio.o
        26          0          0          0          0       3430   stm32f10x_it.o
       372         50          0         20          0       6004   stm32f10x_rcc.o
        80         16          0          0          0       3437   stm32f10x_sdio.o
       112          0          0          0          0       3762   stm32f10x_spi.o
       284         42          0          0          0       6084   stm32f10x_tim.o
       598         28          0          0          0       6620   stm32f10x_usart.o
       328         28          0         20          0       2045   system_stm32f10x.o
       618         14          0          0          0       3359   text.o
       148         16          0          0          0       1070   timer.o
       330         26          0          6        200       4092   usart.o
       320         34          0          2       1200       2078   usart3.o
      3166       1330         40         28          0       7286   usmart.o
         0          0        148        284          0       1608   usmart_config.o
      1328         20          0          0          0       8213   usmart_str.o
       240         28          0          2          0       2420   w25qxx.o

    ----------------------------------------------------------------------
     33030       2672       6666        404    1049056     613322   Object Totals
         0          0         32          0          0          0   (incl. Generated)
        26          0          5          1          7          0   (incl. Padding)

    ----------------------------------------------------------------------

      Code (inc. data)   RO Data    RW Data    ZI Data      Debug   Library Member Name

        24          4          0          0          0         84   __2printf.o
        44          6          0          0          0         84   __2sprintf.o
        90          0          0          0          0          0   __dczerorl2.o
         8          0          0          0          0         68   __main.o
       392          4         17          0          0         92   __printf_flags_ss_wp.o
        14          0          0          0          0         68   __printf_wp.o
         0          0          0          0          0          0   __rtentry.o
        12          0          0          0          0          0   __rtentry2.o
         6          0          0          0          0          0   __rtentry4.o
        52          8          0          0          0          0   __scatter.o
        28          0          0          0          0          0   __scatter_zi.o
         6          0          0          0          0          0   _printf_c.o
        44          0          0          0          0        108   _printf_char.o
        48          6          0          0          0         96   _printf_char_common.o
        36          4          0          0          0         80   _printf_char_file.o
         6          0          0          0          0          0   _printf_d.o
       120         16          0          0          0         92   _printf_dec.o
         6          0          0          0          0          0   _printf_f.o
      1054          0          0          0          0        216   _printf_fp_dec.o
       128         16          0          0          0         84   _printf_fp_infnan.o
       148          4         40          0          0        160   _printf_hex_int_ll_ptr.o
       178          0          0          0          0         88   _printf_intcommon.o
        78          0          0          0          0        108   _printf_pad.o
         0          0          0          0          0          0   _printf_percent.o
         4          0          0          0          0          0   _printf_percent_end.o
         6          0          0          0          0          0   _printf_s.o
        82          0          0          0          0         80   _printf_str.o
         6          0          0          0          0          0   _printf_u.o
         6          0          0          0          0          0   _printf_x.o
        10          0          0          0          0         68   _sputc.o
       228          4        148          0          0         96   bigflt0.o
      1936        128          0          0          0        672   btod.o
        18          0          0          0          0         80   exit.o
         8          0          0          0          0         68   ferror.o
         6          0          0          0          0        152   heapauxi.o
        44         10         28          0          0         76   lc_numeric_c.o
         2          0          0          0          0          0   libinit.o
        18          0          0          0          0          0   libinit2.o
         2          0          0          0          0          0   libshutdown.o
         2          0          0          0          0          0   libshutdown2.o
         8          4          0          0         96         68   libspace.o
       138          0          0          0          0         80   lludiv10.o
         8          4          0          0          0         68   rt_locale_intlibspace.o
        78          0          0          0          0         80   rt_memclr_w.o
         2          0          0          0          0          0   rtexit.o
        10          0          0          0          0          0   rtexit2.o
       128          0          0          0          0         68   strcmpv7m.o
        36          0          0          0          0         80   strstr.o
        74          0          0          0          0         80   sys_stackheap_outer.o
         2          0          0          0          0         68   use_no_semi.o
         2          0          0          0          0         68   use_no_semi_2.o
        90          4          0          0          0         92   dfixu.o
        38          0          0          0          0         68   dflt_clz.o
       340         12          0          0          0        104   dmul.o
       156          4          0          0          0         92   dnaninf.o
        12          0          0          0          0         68   dretinf.o
        86          4          0          0          0         84   f2d.o
       430          8          0          0          0        168   faddsub_clz.o
       388         76          0          0          0         96   fdiv.o
        62          4          0          0          0         84   ffixu.o
        86          0          0          0          0        136   fflt_clz.o
       258          4          0          0          0         84   fmul.o
       140          4          0          0          0         84   fnaninf.o
        10          0          0          0          0         68   fretinf.o
         4          0          0          0          0         68   printf1.o
         0          0          0          0          0          0   usenofp.o
        40          0          0          0          0         68   fpclassify.o

    ----------------------------------------------------------------------
      7544        338        236          0        100       4744   Library Totals
        18          0          3          0          4          0   (incl. Padding)

    ----------------------------------------------------------------------

      Code (inc. data)   RO Data    RW Data    ZI Data      Debug   Library Name

      5386        218        233          0         96       3380   c_w.l
      2100        120          0          0          0       1296   fz_ws.l
        40          0          0          0          0         68   m_ws.l

    ----------------------------------------------------------------------
      7544        338        236          0        100       4744   Library Totals

    ----------------------------------------------------------------------

==============================================================================


      Code (inc. data)   RO Data    RW Data    ZI Data      Debug   

     40574       3010       6902        404    1049156     608494   Grand Totals
     40574       3010       6902        124    1049156     608494   ELF Image Totals (compressed)
     40574       3010       6902        124          0          0   ROM Totals

==============================================================================

    Total RO  Size (Code + RO Data)                47476 (  46.36kB)
    Total RW  Size (RW Data + ZI Data)           1049560 (1024.96kB)
    Total ROM Size (Code + RO Data + RW Data)      47600 (  46.48kB)

==============================================================================

